2025-08-14 13:34:56 | INFO     | main:196 - ==================================================
2025-08-14 13:34:56 | INFO     | main:197 - ЗАПУСК СБОРЩИКА ДАННЫХ Binance | DOGEUSDT | 1m
2025-08-14 13:34:56 | INFO     | main:198 - Период: 2025-01-01 по 2025-08-08
2025-08-14 13:34:56 | INFO     | main:199 - ==================================================
2025-08-14 13:34:56 | INFO     | setup_binance_client:33 - Инициализация Binance API клиента...
2025-08-14 13:34:57 | SUCCESS  | setup_binance_client:37 - Успешное подключение к Binance API
2025-08-14 13:34:57 | INFO     | get_historical_data:69 - Запрос данных для DOGEUSDT с 2025-01-01 по 2025-08-08
2025-08-14 13:34:59 | INFO     | get_historical_data:108 - Загружено 1000 свечей | Общее количество: 5000 | Диапазон: 2025-01-03 18:40 - 2025-01-04 11:19
2025-08-14 13:35:02 | INFO     | get_historical_data:108 - Загружено 1000 свечей | Общее количество: 10000 | Диапазон: 2025-01-07 06:00 - 2025-01-07 22:39
2025-08-14 13:35:04 | INFO     | get_historical_data:108 - Загружено 1000 свечей | Общее количество: 15000 | Диапазон: 2025-01-10 17:20 - 2025-01-11 09:59
2025-08-14 13:35:06 | INFO     | get_historical_data:108 - Загружено 1000 свечей | Общее количество: 20000 | Диапазон: 2025-01-14 04:40 - 2025-01-14 21:19
2025-08-14 13:35:08 | INFO     | get_historical_data:108 - Загружено 1000 свечей | Общее количество: 25000 | Диапазон: 2025-01-17 16:00 - 2025-01-18 08:39
2025-08-14 13:35:10 | INFO     | get_historical_data:108 - Загружено 1000 свечей | Общее количество: 30000 | Диапазон: 2025-01-21 03:20 - 2025-01-21 19:59
2025-08-14 13:35:13 | INFO     | get_historical_data:108 - Загружено 1000 свечей | Общее количество: 35000 | Диапазон: 2025-01-24 14:40 - 2025-01-25 07:19
2025-08-14 13:35:15 | INFO     | get_historical_data:108 - Загружено 1000 свечей | Общее количество: 40000 | Диапазон: 2025-01-28 02:00 - 2025-01-28 18:39
2025-08-14 13:35:17 | INFO     | get_historical_data:108 - Загружено 1000 свечей | Общее количество: 45000 | Диапазон: 2025-01-31 13:20 - 2025-02-01 05:59
2025-08-14 13:35:19 | INFO     | get_historical_data:108 - Загружено 1000 свечей | Общее количество: 50000 | Диапазон: 2025-02-04 00:40 - 2025-02-04 17:19
2025-08-14 13:35:22 | INFO     | get_historical_data:108 - Загружено 1000 свечей | Общее количество: 55000 | Диапазон: 2025-02-07 12:00 - 2025-02-08 04:39
2025-08-14 13:35:24 | INFO     | get_historical_data:108 - Загружено 1000 свечей | Общее количество: 60000 | Диапазон: 2025-02-10 23:20 - 2025-02-11 15:59
2025-08-14 13:35:26 | INFO     | get_historical_data:108 - Загружено 1000 свечей | Общее количество: 65000 | Диапазон: 2025-02-14 10:40 - 2025-02-15 03:19
2025-08-14 13:35:28 | INFO     | get_historical_data:108 - Загружено 1000 свечей | Общее количество: 70000 | Диапазон: 2025-02-17 22:00 - 2025-02-18 14:39
2025-08-14 13:35:30 | INFO     | get_historical_data:108 - Загружено 1000 свечей | Общее количество: 75000 | Диапазон: 2025-02-21 09:20 - 2025-02-22 01:59
2025-08-14 13:35:33 | INFO     | get_historical_data:108 - Загружено 1000 свечей | Общее количество: 80000 | Диапазон: 2025-02-24 20:40 - 2025-02-25 13:19
2025-08-14 13:35:35 | INFO     | get_historical_data:108 - Загружено 1000 свечей | Общее количество: 85000 | Диапазон: 2025-02-28 08:00 - 2025-03-01 00:39
2025-08-14 13:35:37 | INFO     | get_historical_data:108 - Загружено 1000 свечей | Общее количество: 90000 | Диапазон: 2025-03-03 19:20 - 2025-03-04 11:59
2025-08-14 13:35:39 | INFO     | get_historical_data:108 - Загружено 1000 свечей | Общее количество: 95000 | Диапазон: 2025-03-07 06:40 - 2025-03-07 23:19
2025-08-14 13:35:41 | INFO     | get_historical_data:108 - Загружено 1000 свечей | Общее количество: 100000 | Диапазон: 2025-03-10 18:00 - 2025-03-11 10:39
2025-08-14 13:35:44 | INFO     | get_historical_data:108 - Загружено 1000 свечей | Общее количество: 105000 | Диапазон: 2025-03-14 05:20 - 2025-03-14 21:59
2025-08-14 13:35:46 | INFO     | get_historical_data:108 - Загружено 1000 свечей | Общее количество: 110000 | Диапазон: 2025-03-17 16:40 - 2025-03-18 09:19
2025-08-14 13:35:48 | INFO     | get_historical_data:108 - Загружено 1000 свечей | Общее количество: 115000 | Диапазон: 2025-03-21 04:00 - 2025-03-21 20:39
2025-08-14 13:35:50 | INFO     | get_historical_data:108 - Загружено 1000 свечей | Общее количество: 120000 | Диапазон: 2025-03-24 15:20 - 2025-03-25 07:59
2025-08-14 13:35:53 | INFO     | get_historical_data:108 - Загружено 1000 свечей | Общее количество: 125000 | Диапазон: 2025-03-28 02:40 - 2025-03-28 19:19
2025-08-14 13:35:55 | INFO     | get_historical_data:108 - Загружено 1000 свечей | Общее количество: 130000 | Диапазон: 2025-03-31 14:00 - 2025-04-01 06:39
2025-08-14 13:35:57 | INFO     | get_historical_data:108 - Загружено 1000 свечей | Общее количество: 135000 | Диапазон: 2025-04-04 01:20 - 2025-04-04 17:59
2025-08-14 13:35:59 | INFO     | get_historical_data:108 - Загружено 1000 свечей | Общее количество: 140000 | Диапазон: 2025-04-07 12:40 - 2025-04-08 05:19
2025-08-14 13:36:01 | INFO     | get_historical_data:108 - Загружено 1000 свечей | Общее количество: 145000 | Диапазон: 2025-04-11 00:00 - 2025-04-11 16:39
2025-08-14 13:36:04 | INFO     | get_historical_data:108 - Загружено 1000 свечей | Общее количество: 150000 | Диапазон: 2025-04-14 11:20 - 2025-04-15 03:59
2025-08-14 13:36:06 | INFO     | get_historical_data:108 - Загружено 1000 свечей | Общее количество: 155000 | Диапазон: 2025-04-17 22:40 - 2025-04-18 15:19
2025-08-14 13:36:08 | INFO     | get_historical_data:108 - Загружено 1000 свечей | Общее количество: 160000 | Диапазон: 2025-04-21 10:00 - 2025-04-22 02:39
2025-08-14 13:36:10 | INFO     | get_historical_data:108 - Загружено 1000 свечей | Общее количество: 165000 | Диапазон: 2025-04-24 21:20 - 2025-04-25 13:59
2025-08-14 13:36:13 | INFO     | get_historical_data:108 - Загружено 1000 свечей | Общее количество: 170000 | Диапазон: 2025-04-28 08:40 - 2025-04-29 01:19
2025-08-14 13:36:15 | INFO     | get_historical_data:108 - Загружено 1000 свечей | Общее количество: 175000 | Диапазон: 2025-05-01 20:00 - 2025-05-02 12:39
2025-08-14 13:36:17 | INFO     | get_historical_data:108 - Загружено 1000 свечей | Общее количество: 180000 | Диапазон: 2025-05-05 07:20 - 2025-05-05 23:59
2025-08-14 13:36:19 | INFO     | get_historical_data:108 - Загружено 1000 свечей | Общее количество: 185000 | Диапазон: 2025-05-08 18:40 - 2025-05-09 11:19
2025-08-14 13:36:21 | INFO     | get_historical_data:108 - Загружено 1000 свечей | Общее количество: 190000 | Диапазон: 2025-05-12 06:00 - 2025-05-12 22:39
2025-08-14 13:36:24 | INFO     | get_historical_data:108 - Загружено 1000 свечей | Общее количество: 195000 | Диапазон: 2025-05-15 17:20 - 2025-05-16 09:59
2025-08-14 13:36:26 | INFO     | get_historical_data:108 - Загружено 1000 свечей | Общее количество: 200000 | Диапазон: 2025-05-19 04:40 - 2025-05-19 21:19
2025-08-14 13:36:28 | INFO     | get_historical_data:108 - Загружено 1000 свечей | Общее количество: 205000 | Диапазон: 2025-05-22 16:00 - 2025-05-23 08:39
2025-08-14 13:36:30 | INFO     | get_historical_data:108 - Загружено 1000 свечей | Общее количество: 210000 | Диапазон: 2025-05-26 03:20 - 2025-05-26 19:59
2025-08-14 13:36:32 | INFO     | get_historical_data:108 - Загружено 1000 свечей | Общее количество: 215000 | Диапазон: 2025-05-29 14:40 - 2025-05-30 07:19
2025-08-14 13:36:35 | INFO     | get_historical_data:108 - Загружено 1000 свечей | Общее количество: 220000 | Диапазон: 2025-06-02 02:00 - 2025-06-02 18:39
2025-08-14 13:36:37 | INFO     | get_historical_data:108 - Загружено 1000 свечей | Общее количество: 225000 | Диапазон: 2025-06-05 13:20 - 2025-06-06 05:59
2025-08-14 13:36:39 | INFO     | get_historical_data:108 - Загружено 1000 свечей | Общее количество: 230000 | Диапазон: 2025-06-09 00:40 - 2025-06-09 17:19
2025-08-14 13:36:41 | INFO     | get_historical_data:108 - Загружено 1000 свечей | Общее количество: 235000 | Диапазон: 2025-06-12 12:00 - 2025-06-13 04:39
2025-08-14 13:36:44 | INFO     | get_historical_data:108 - Загружено 1000 свечей | Общее количество: 240000 | Диапазон: 2025-06-15 23:20 - 2025-06-16 15:59
2025-08-14 13:36:46 | INFO     | get_historical_data:108 - Загружено 1000 свечей | Общее количество: 245000 | Диапазон: 2025-06-19 10:40 - 2025-06-20 03:19
2025-08-14 13:36:48 | INFO     | get_historical_data:108 - Загружено 1000 свечей | Общее количество: 250000 | Диапазон: 2025-06-22 22:00 - 2025-06-23 14:39
2025-08-14 13:36:50 | INFO     | get_historical_data:108 - Загружено 1000 свечей | Общее количество: 255000 | Диапазон: 2025-06-26 09:20 - 2025-06-27 01:59
2025-08-14 13:36:52 | INFO     | get_historical_data:108 - Загружено 1000 свечей | Общее количество: 260000 | Диапазон: 2025-06-29 20:40 - 2025-06-30 13:19
2025-08-14 13:36:55 | INFO     | get_historical_data:108 - Загружено 1000 свечей | Общее количество: 265000 | Диапазон: 2025-07-03 08:00 - 2025-07-04 00:39
2025-08-14 13:36:57 | INFO     | get_historical_data:108 - Загружено 1000 свечей | Общее количество: 270000 | Диапазон: 2025-07-06 19:20 - 2025-07-07 11:59
2025-08-14 13:36:59 | INFO     | get_historical_data:108 - Загружено 1000 свечей | Общее количество: 275000 | Диапазон: 2025-07-10 06:40 - 2025-07-10 23:19
2025-08-14 13:37:01 | INFO     | get_historical_data:108 - Загружено 1000 свечей | Общее количество: 280000 | Диапазон: 2025-07-13 18:00 - 2025-07-14 10:39
2025-08-14 13:37:04 | INFO     | get_historical_data:108 - Загружено 1000 свечей | Общее количество: 285000 | Диапазон: 2025-07-17 05:20 - 2025-07-17 21:59
2025-08-14 13:37:06 | INFO     | get_historical_data:108 - Загружено 1000 свечей | Общее количество: 290000 | Диапазон: 2025-07-20 16:40 - 2025-07-21 09:19
2025-08-14 13:37:08 | INFO     | get_historical_data:108 - Загружено 1000 свечей | Общее количество: 295000 | Диапазон: 2025-07-24 04:00 - 2025-07-24 20:39
2025-08-14 13:37:10 | INFO     | get_historical_data:108 - Загружено 1000 свечей | Общее количество: 300000 | Диапазон: 2025-07-27 15:20 - 2025-07-28 07:59
2025-08-14 13:37:13 | INFO     | get_historical_data:108 - Загружено 1000 свечей | Общее количество: 305000 | Диапазон: 2025-07-31 02:40 - 2025-07-31 19:19
2025-08-14 13:37:15 | INFO     | get_historical_data:108 - Загружено 1000 свечей | Общее количество: 310000 | Диапазон: 2025-08-03 14:00 - 2025-08-04 06:39
2025-08-14 13:37:17 | INFO     | get_historical_data:108 - Загружено 1000 свечей | Общее количество: 315000 | Диапазон: 2025-08-07 01:20 - 2025-08-07 17:59
2025-08-14 13:37:17 | INFO     | get_historical_data:108 - Загружено 361 свечей | Общее количество: 315361 | Диапазон: 2025-08-07 18:00 - 2025-08-08 00:00
2025-08-14 13:37:17 | SUCCESS  | get_historical_data:121 - Завершено! Всего получено 315361 свечей за 316 запросов
2025-08-14 13:37:29 | INFO     | get_historical_data:150 - Статистика данных: 315361 свечей за 219 дней
2025-08-14 13:37:31 | SUCCESS  | save_to_csv:180 - Данные успешно сохранены в data.csv
2025-08-14 13:37:31 | INFO     | save_to_csv:181 - Размер файла: 25.72 MB | Строк: 315361
2025-08-14 13:37:31 | SUCCESS  | main:211 - ПРОЦЕСС ЗАВЕРШЕН УСПЕШНО!
2025-08-14 13:37:31 | INFO     | main:212 - Время выполнения: 153.31 секунд
2025-08-14 13:37:31 | INFO     | main:213 - Средняя скорость: 2057.08 свечей/сек
