2025-08-18 17:57:22 | INFO     | main:196 - ==================================================
2025-08-18 17:57:22 | INFO     | main:197 - ЗАПУСК СБОРЩИКА ДАННЫХ Binance | DOGEUSDT | 1m
2025-08-18 17:57:22 | INFO     | main:198 - Период: 2020-01-01 по 2025-08-17
2025-08-18 17:57:22 | INFO     | main:199 - ==================================================
2025-08-18 17:57:22 | INFO     | setup_binance_client:33 - Инициализация Binance API клиента...
2025-08-18 17:57:23 | SUCCESS  | setup_binance_client:37 - Успешное подключение к Binance API
2025-08-18 17:57:23 | INFO     | get_historical_data:69 - Запрос данных для DOGEUSDT с 2020-01-01 по 2025-08-17
2025-08-18 17:57:25 | INFO     | get_historical_data:108 - Загружено 1000 свечей | Общее количество: 5000 | Диапазон: 2020-01-03 18:40 - 2020-01-04 11:19
2025-08-18 17:57:27 | INFO     | get_historical_data:108 - Загружено 1000 свечей | Общее количество: 10000 | Диапазон: 2020-01-07 06:00 - 2020-01-07 22:39
2025-08-18 17:57:29 | INFO     | get_historical_data:108 - Загружено 1000 свечей | Общее количество: 15000 | Диапазон: 2020-01-10 17:20 - 2020-01-11 09:59
2025-08-18 17:57:31 | INFO     | get_historical_data:108 - Загружено 1000 свечей | Общее количество: 20000 | Диапазон: 2020-01-14 04:40 - 2020-01-14 21:19
2025-08-18 17:57:33 | INFO     | get_historical_data:108 - Загружено 1000 свечей | Общее количество: 25000 | Диапазон: 2020-01-17 16:00 - 2020-01-18 08:39
2025-08-18 17:57:35 | INFO     | get_historical_data:108 - Загружено 1000 свечей | Общее количество: 30000 | Диапазон: 2020-01-21 03:20 - 2020-01-21 19:59
2025-08-18 17:57:37 | INFO     | get_historical_data:108 - Загружено 1000 свечей | Общее количество: 35000 | Диапазон: 2020-01-24 14:40 - 2020-01-25 07:19
2025-08-18 17:57:39 | INFO     | get_historical_data:108 - Загружено 1000 свечей | Общее количество: 40000 | Диапазон: 2020-01-28 02:00 - 2020-01-28 18:39
2025-08-18 17:57:41 | INFO     | get_historical_data:108 - Загружено 1000 свечей | Общее количество: 45000 | Диапазон: 2020-01-31 13:20 - 2020-02-01 05:59
2025-08-18 17:57:43 | INFO     | get_historical_data:108 - Загружено 1000 свечей | Общее количество: 50000 | Диапазон: 2020-02-04 00:40 - 2020-02-04 17:19
2025-08-18 17:57:45 | INFO     | get_historical_data:108 - Загружено 1000 свечей | Общее количество: 55000 | Диапазон: 2020-02-07 12:00 - 2020-02-08 04:39
2025-08-18 17:57:47 | INFO     | get_historical_data:108 - Загружено 1000 свечей | Общее количество: 60000 | Диапазон: 2020-02-11 00:20 - 2020-02-11 16:59
2025-08-18 17:57:50 | INFO     | get_historical_data:108 - Загружено 1000 свечей | Общее количество: 65000 | Диапазон: 2020-02-14 11:40 - 2020-02-15 04:19
2025-08-18 17:57:52 | INFO     | get_historical_data:108 - Загружено 1000 свечей | Общее количество: 70000 | Диапазон: 2020-02-17 23:00 - 2020-02-18 15:39
2025-08-18 17:57:54 | INFO     | get_historical_data:108 - Загружено 1000 свечей | Общее количество: 75000 | Диапазон: 2020-02-21 16:14 - 2020-02-22 08:53
2025-08-18 17:57:56 | INFO     | get_historical_data:108 - Загружено 1000 свечей | Общее количество: 80000 | Диапазон: 2020-02-25 03:34 - 2020-02-25 20:13
2025-08-18 17:57:58 | INFO     | get_historical_data:108 - Загружено 1000 свечей | Общее количество: 85000 | Диапазон: 2020-02-28 14:54 - 2020-02-29 07:33
2025-08-18 17:58:00 | INFO     | get_historical_data:108 - Загружено 1000 свечей | Общее количество: 90000 | Диапазон: 2020-03-03 02:14 - 2020-03-03 18:53
2025-08-18 17:58:02 | INFO     | get_historical_data:108 - Загружено 1000 свечей | Общее количество: 95000 | Диапазон: 2020-03-06 15:42 - 2020-03-07 08:21
2025-08-18 17:58:04 | INFO     | get_historical_data:108 - Загружено 1000 свечей | Общее количество: 100000 | Диапазон: 2020-03-10 03:02 - 2020-03-10 19:41
2025-08-18 17:58:07 | INFO     | get_historical_data:108 - Загружено 1000 свечей | Общее количество: 105000 | Диапазон: 2020-03-13 14:22 - 2020-03-14 07:01
2025-08-18 17:58:09 | INFO     | get_historical_data:108 - Загружено 1000 свечей | Общее количество: 110000 | Диапазон: 2020-03-17 01:42 - 2020-03-17 18:21
2025-08-18 17:58:11 | INFO     | get_historical_data:108 - Загружено 1000 свечей | Общее количество: 115000 | Диапазон: 2020-03-20 13:02 - 2020-03-21 05:41
2025-08-18 17:58:13 | INFO     | get_historical_data:108 - Загружено 1000 свечей | Общее количество: 120000 | Диапазон: 2020-03-24 00:22 - 2020-03-24 17:01
2025-08-18 17:58:15 | INFO     | get_historical_data:108 - Загружено 1000 свечей | Общее количество: 125000 | Диапазон: 2020-03-27 11:42 - 2020-03-28 04:21
2025-08-18 17:58:17 | INFO     | get_historical_data:108 - Загружено 1000 свечей | Общее количество: 130000 | Диапазон: 2020-03-30 23:02 - 2020-03-31 15:41
2025-08-18 17:58:19 | INFO     | get_historical_data:108 - Загружено 1000 свечей | Общее количество: 135000 | Диапазон: 2020-04-03 10:22 - 2020-04-04 03:01
2025-08-18 17:58:21 | INFO     | get_historical_data:108 - Загружено 1000 свечей | Общее количество: 140000 | Диапазон: 2020-04-06 21:42 - 2020-04-07 14:21
2025-08-18 17:58:23 | INFO     | get_historical_data:108 - Загружено 1000 свечей | Общее количество: 145000 | Диапазон: 2020-04-10 09:02 - 2020-04-11 01:41
2025-08-18 17:58:25 | INFO     | get_historical_data:108 - Загружено 1000 свечей | Общее количество: 150000 | Диапазон: 2020-04-13 20:22 - 2020-04-14 13:01
2025-08-18 17:58:28 | INFO     | get_historical_data:108 - Загружено 1000 свечей | Общее количество: 155000 | Диапазон: 2020-04-17 07:42 - 2020-04-18 00:21
2025-08-18 17:58:30 | INFO     | get_historical_data:108 - Загружено 1000 свечей | Общее количество: 160000 | Диапазон: 2020-04-20 19:02 - 2020-04-21 11:41
2025-08-18 17:58:32 | INFO     | get_historical_data:108 - Загружено 1000 свечей | Общее количество: 165000 | Диапазон: 2020-04-24 06:22 - 2020-04-24 23:01
2025-08-18 17:58:34 | INFO     | get_historical_data:108 - Загружено 1000 свечей | Общее количество: 170000 | Диапазон: 2020-04-27 20:12 - 2020-04-28 12:51
2025-08-18 17:58:36 | INFO     | get_historical_data:108 - Загружено 1000 свечей | Общее количество: 175000 | Диапазон: 2020-05-01 07:32 - 2020-05-02 00:11
2025-08-18 17:58:38 | INFO     | get_historical_data:108 - Загружено 1000 свечей | Общее количество: 180000 | Диапазон: 2020-05-04 18:52 - 2020-05-05 11:31
2025-08-18 17:58:40 | INFO     | get_historical_data:108 - Загружено 1000 свечей | Общее количество: 185000 | Диапазон: 2020-05-08 06:12 - 2020-05-08 22:51
2025-08-18 17:58:42 | INFO     | get_historical_data:108 - Загружено 1000 свечей | Общее количество: 190000 | Диапазон: 2020-05-11 17:32 - 2020-05-12 10:11
2025-08-18 17:58:44 | INFO     | get_historical_data:108 - Загружено 1000 свечей | Общее количество: 195000 | Диапазон: 2020-05-15 04:52 - 2020-05-15 21:31
2025-08-18 17:58:47 | INFO     | get_historical_data:108 - Загружено 1000 свечей | Общее количество: 200000 | Диапазон: 2020-05-18 16:12 - 2020-05-19 08:51
2025-08-18 17:58:49 | INFO     | get_historical_data:108 - Загружено 1000 свечей | Общее количество: 205000 | Диапазон: 2020-05-22 03:32 - 2020-05-22 20:11
2025-08-18 17:58:51 | INFO     | get_historical_data:108 - Загружено 1000 свечей | Общее количество: 210000 | Диапазон: 2020-05-25 14:52 - 2020-05-26 07:31
2025-08-18 17:58:53 | INFO     | get_historical_data:108 - Загружено 1000 свечей | Общее количество: 215000 | Диапазон: 2020-05-29 02:12 - 2020-05-29 18:51
2025-08-18 17:58:55 | INFO     | get_historical_data:108 - Загружено 1000 свечей | Общее количество: 220000 | Диапазон: 2020-06-01 13:32 - 2020-06-02 06:11
2025-08-18 17:58:57 | INFO     | get_historical_data:108 - Загружено 1000 свечей | Общее количество: 225000 | Диапазон: 2020-06-05 00:52 - 2020-06-05 17:31
2025-08-18 17:58:59 | INFO     | get_historical_data:108 - Загружено 1000 свечей | Общее количество: 230000 | Диапазон: 2020-06-08 12:12 - 2020-06-09 04:51
2025-08-18 17:59:01 | INFO     | get_historical_data:108 - Загружено 1000 свечей | Общее количество: 235000 | Диапазон: 2020-06-11 23:32 - 2020-06-12 16:11
2025-08-18 17:59:03 | INFO     | get_historical_data:108 - Загружено 1000 свечей | Общее количество: 240000 | Диапазон: 2020-06-15 10:52 - 2020-06-16 03:31
2025-08-18 17:59:05 | INFO     | get_historical_data:108 - Загружено 1000 свечей | Общее количество: 245000 | Диапазон: 2020-06-18 22:12 - 2020-06-19 14:51
2025-08-18 17:59:07 | INFO     | get_historical_data:108 - Загружено 1000 свечей | Общее количество: 250000 | Диапазон: 2020-06-22 09:32 - 2020-06-23 02:11
2025-08-18 17:59:09 | INFO     | get_historical_data:108 - Загружено 1000 свечей | Общее количество: 255000 | Диапазон: 2020-06-25 20:52 - 2020-06-26 13:31
2025-08-18 17:59:11 | INFO     | get_historical_data:108 - Загружено 1000 свечей | Общее количество: 260000 | Диапазон: 2020-06-29 11:42 - 2020-06-30 04:21
2025-08-18 17:59:14 | INFO     | get_historical_data:108 - Загружено 1000 свечей | Общее количество: 265000 | Диапазон: 2020-07-02 23:02 - 2020-07-03 15:41
2025-08-18 17:59:16 | INFO     | get_historical_data:108 - Загружено 1000 свечей | Общее количество: 270000 | Диапазон: 2020-07-06 10:22 - 2020-07-07 03:01
2025-08-18 17:59:18 | INFO     | get_historical_data:108 - Загружено 1000 свечей | Общее количество: 275000 | Диапазон: 2020-07-09 21:42 - 2020-07-10 14:21
2025-08-18 17:59:20 | INFO     | get_historical_data:108 - Загружено 1000 свечей | Общее количество: 280000 | Диапазон: 2020-07-13 09:02 - 2020-07-14 01:41
2025-08-18 17:59:22 | INFO     | get_historical_data:108 - Загружено 1000 свечей | Общее количество: 285000 | Диапазон: 2020-07-16 20:22 - 2020-07-17 13:01
2025-08-18 17:59:25 | INFO     | get_historical_data:108 - Загружено 1000 свечей | Общее количество: 290000 | Диапазон: 2020-07-20 07:42 - 2020-07-21 00:21
2025-08-18 17:59:27 | INFO     | get_historical_data:108 - Загружено 1000 свечей | Общее количество: 295000 | Диапазон: 2020-07-23 19:02 - 2020-07-24 11:41
2025-08-18 17:59:29 | INFO     | get_historical_data:108 - Загружено 1000 свечей | Общее количество: 300000 | Диапазон: 2020-07-27 06:22 - 2020-07-27 23:01
2025-08-18 17:59:31 | INFO     | get_historical_data:108 - Загружено 1000 свечей | Общее количество: 305000 | Диапазон: 2020-07-30 17:42 - 2020-07-31 10:21
2025-08-18 17:59:33 | INFO     | get_historical_data:108 - Загружено 1000 свечей | Общее количество: 310000 | Диапазон: 2020-08-03 05:02 - 2020-08-03 21:41
2025-08-18 17:59:35 | INFO     | get_historical_data:108 - Загружено 1000 свечей | Общее количество: 315000 | Диапазон: 2020-08-06 16:22 - 2020-08-07 09:01
2025-08-18 17:59:37 | INFO     | get_historical_data:108 - Загружено 1000 свечей | Общее количество: 320000 | Диапазон: 2020-08-10 03:42 - 2020-08-10 20:21
2025-08-18 17:59:39 | INFO     | get_historical_data:108 - Загружено 1000 свечей | Общее количество: 325000 | Диапазон: 2020-08-13 15:02 - 2020-08-14 07:41
2025-08-18 17:59:42 | INFO     | get_historical_data:108 - Загружено 1000 свечей | Общее количество: 330000 | Диапазон: 2020-08-17 02:22 - 2020-08-17 19:01
2025-08-18 17:59:44 | INFO     | get_historical_data:108 - Загружено 1000 свечей | Общее количество: 335000 | Диапазон: 2020-08-20 13:42 - 2020-08-21 06:21
2025-08-18 17:59:46 | INFO     | get_historical_data:108 - Загружено 1000 свечей | Общее количество: 340000 | Диапазон: 2020-08-24 01:02 - 2020-08-24 17:41
2025-08-18 17:59:48 | INFO     | get_historical_data:108 - Загружено 1000 свечей | Общее количество: 345000 | Диапазон: 2020-08-27 12:22 - 2020-08-28 05:01
2025-08-18 17:59:50 | INFO     | get_historical_data:108 - Загружено 1000 свечей | Общее количество: 350000 | Диапазон: 2020-08-30 23:42 - 2020-08-31 16:21
2025-08-18 17:59:52 | INFO     | get_historical_data:108 - Загружено 1000 свечей | Общее количество: 355000 | Диапазон: 2020-09-03 11:02 - 2020-09-04 03:41
2025-08-18 17:59:54 | INFO     | get_historical_data:108 - Загружено 1000 свечей | Общее количество: 360000 | Диапазон: 2020-09-06 22:22 - 2020-09-07 15:01
2025-08-18 17:59:57 | INFO     | get_historical_data:108 - Загружено 1000 свечей | Общее количество: 365000 | Диапазон: 2020-09-10 09:42 - 2020-09-11 02:21
2025-08-18 17:59:59 | INFO     | get_historical_data:108 - Загружено 1000 свечей | Общее количество: 370000 | Диапазон: 2020-09-13 21:02 - 2020-09-14 13:41
2025-08-18 18:00:02 | INFO     | get_historical_data:108 - Загружено 1000 свечей | Общее количество: 375000 | Диапазон: 2020-09-17 08:22 - 2020-09-18 01:01
2025-08-18 18:00:05 | INFO     | get_historical_data:108 - Загружено 1000 свечей | Общее количество: 380000 | Диапазон: 2020-09-20 19:42 - 2020-09-21 12:21
2025-08-18 18:00:07 | INFO     | get_historical_data:108 - Загружено 1000 свечей | Общее количество: 385000 | Диапазон: 2020-09-24 07:02 - 2020-09-24 23:41
2025-08-18 18:00:10 | INFO     | get_historical_data:108 - Загружено 1000 свечей | Общее количество: 390000 | Диапазон: 2020-09-27 18:22 - 2020-09-28 11:01
2025-08-18 18:00:12 | INFO     | get_historical_data:108 - Загружено 1000 свечей | Общее количество: 395000 | Диапазон: 2020-10-01 05:42 - 2020-10-01 22:21
2025-08-18 18:00:14 | INFO     | get_historical_data:108 - Загружено 1000 свечей | Общее количество: 400000 | Диапазон: 2020-10-04 17:02 - 2020-10-05 09:41
2025-08-18 18:00:16 | INFO     | get_historical_data:108 - Загружено 1000 свечей | Общее количество: 405000 | Диапазон: 2020-10-08 04:22 - 2020-10-08 21:01
2025-08-18 18:00:18 | INFO     | get_historical_data:108 - Загружено 1000 свечей | Общее количество: 410000 | Диапазон: 2020-10-11 15:42 - 2020-10-12 08:21
2025-08-18 18:00:20 | INFO     | get_historical_data:108 - Загружено 1000 свечей | Общее количество: 415000 | Диапазон: 2020-10-15 03:02 - 2020-10-15 19:41
2025-08-18 18:00:22 | INFO     | get_historical_data:108 - Загружено 1000 свечей | Общее количество: 420000 | Диапазон: 2020-10-18 14:22 - 2020-10-19 07:01
2025-08-18 18:00:24 | INFO     | get_historical_data:108 - Загружено 1000 свечей | Общее количество: 425000 | Диапазон: 2020-10-22 01:42 - 2020-10-22 18:21
2025-08-18 18:00:27 | INFO     | get_historical_data:108 - Загружено 1000 свечей | Общее количество: 430000 | Диапазон: 2020-10-25 13:02 - 2020-10-26 05:41
2025-08-18 18:00:29 | INFO     | get_historical_data:108 - Загружено 1000 свечей | Общее количество: 435000 | Диапазон: 2020-10-29 00:22 - 2020-10-29 17:01
2025-08-18 18:00:31 | INFO     | get_historical_data:108 - Загружено 1000 свечей | Общее количество: 440000 | Диапазон: 2020-11-01 11:42 - 2020-11-02 04:21
2025-08-18 18:00:33 | INFO     | get_historical_data:108 - Загружено 1000 свечей | Общее количество: 445000 | Диапазон: 2020-11-04 23:02 - 2020-11-05 15:41
2025-08-18 18:00:35 | INFO     | get_historical_data:108 - Загружено 1000 свечей | Общее количество: 450000 | Диапазон: 2020-11-08 10:22 - 2020-11-09 03:01
2025-08-18 18:00:37 | INFO     | get_historical_data:108 - Загружено 1000 свечей | Общее количество: 455000 | Диапазон: 2020-11-11 21:42 - 2020-11-12 14:21
2025-08-18 18:00:39 | INFO     | get_historical_data:108 - Загружено 1000 свечей | Общее количество: 460000 | Диапазон: 2020-11-15 09:02 - 2020-11-16 01:41
2025-08-18 18:00:42 | INFO     | get_historical_data:108 - Загружено 1000 свечей | Общее количество: 465000 | Диапазон: 2020-11-18 20:22 - 2020-11-19 13:01
2025-08-18 18:00:44 | INFO     | get_historical_data:108 - Загружено 1000 свечей | Общее количество: 470000 | Диапазон: 2020-11-22 07:42 - 2020-11-23 00:21
2025-08-18 18:00:46 | INFO     | get_historical_data:108 - Загружено 1000 свечей | Общее количество: 475000 | Диапазон: 2020-11-25 19:02 - 2020-11-26 11:41
2025-08-18 18:00:48 | INFO     | get_historical_data:108 - Загружено 1000 свечей | Общее количество: 480000 | Диапазон: 2020-11-29 06:22 - 2020-11-29 23:01
2025-08-18 18:00:50 | INFO     | get_historical_data:108 - Загружено 1000 свечей | Общее количество: 485000 | Диапазон: 2020-12-02 18:42 - 2020-12-03 11:21
2025-08-18 18:00:52 | INFO     | get_historical_data:108 - Загружено 1000 свечей | Общее количество: 490000 | Диапазон: 2020-12-06 06:02 - 2020-12-06 22:41
2025-08-18 18:00:55 | INFO     | get_historical_data:108 - Загружено 1000 свечей | Общее количество: 495000 | Диапазон: 2020-12-09 17:22 - 2020-12-10 10:01
2025-08-18 18:00:57 | INFO     | get_historical_data:108 - Загружено 1000 свечей | Общее количество: 500000 | Диапазон: 2020-12-13 04:42 - 2020-12-13 21:21
2025-08-18 18:00:59 | INFO     | get_historical_data:108 - Загружено 1000 свечей | Общее количество: 505000 | Диапазон: 2020-12-16 16:02 - 2020-12-17 08:41
2025-08-18 18:01:01 | INFO     | get_historical_data:108 - Загружено 1000 свечей | Общее количество: 510000 | Диапазон: 2020-12-20 03:22 - 2020-12-20 20:01
2025-08-18 18:01:03 | INFO     | get_historical_data:108 - Загружено 1000 свечей | Общее количество: 515000 | Диапазон: 2020-12-23 18:54 - 2020-12-24 11:33
2025-08-18 18:01:05 | INFO     | get_historical_data:108 - Загружено 1000 свечей | Общее количество: 520000 | Диапазон: 2020-12-27 07:14 - 2020-12-27 23:53
2025-08-18 18:01:07 | INFO     | get_historical_data:108 - Загружено 1000 свечей | Общее количество: 525000 | Диапазон: 2020-12-30 18:34 - 2020-12-31 11:13
2025-08-18 18:01:10 | INFO     | get_historical_data:108 - Загружено 1000 свечей | Общее количество: 530000 | Диапазон: 2021-01-03 05:54 - 2021-01-03 22:33
2025-08-18 18:01:12 | INFO     | get_historical_data:108 - Загружено 1000 свечей | Общее количество: 535000 | Диапазон: 2021-01-06 17:14 - 2021-01-07 09:53
2025-08-18 18:01:14 | INFO     | get_historical_data:108 - Загружено 1000 свечей | Общее количество: 540000 | Диапазон: 2021-01-10 04:34 - 2021-01-10 21:13
2025-08-18 18:01:16 | INFO     | get_historical_data:108 - Загружено 1000 свечей | Общее количество: 545000 | Диапазон: 2021-01-13 15:54 - 2021-01-14 08:33
2025-08-18 18:01:18 | INFO     | get_historical_data:108 - Загружено 1000 свечей | Общее количество: 550000 | Диапазон: 2021-01-17 03:14 - 2021-01-17 19:53
2025-08-18 18:01:20 | INFO     | get_historical_data:108 - Загружено 1000 свечей | Общее количество: 555000 | Диапазон: 2021-01-20 14:34 - 2021-01-21 07:13
2025-08-18 18:01:23 | INFO     | get_historical_data:108 - Загружено 1000 свечей | Общее количество: 560000 | Диапазон: 2021-01-24 01:54 - 2021-01-24 18:33
2025-08-18 18:01:25 | INFO     | get_historical_data:108 - Загружено 1000 свечей | Общее количество: 565000 | Диапазон: 2021-01-27 13:14 - 2021-01-28 05:53
2025-08-18 18:01:27 | INFO     | get_historical_data:108 - Загружено 1000 свечей | Общее количество: 570000 | Диапазон: 2021-01-31 00:34 - 2021-01-31 17:13
2025-08-18 18:01:29 | INFO     | get_historical_data:108 - Загружено 1000 свечей | Общее количество: 575000 | Диапазон: 2021-02-03 11:54 - 2021-02-04 04:33
2025-08-18 18:01:31 | INFO     | get_historical_data:108 - Загружено 1000 свечей | Общее количество: 580000 | Диапазон: 2021-02-06 23:14 - 2021-02-07 15:53
2025-08-18 18:01:33 | INFO     | get_historical_data:108 - Загружено 1000 свечей | Общее количество: 585000 | Диапазон: 2021-02-10 10:34 - 2021-02-11 03:13
2025-08-18 18:01:36 | INFO     | get_historical_data:108 - Загружено 1000 свечей | Общее количество: 590000 | Диапазон: 2021-02-13 23:13 - 2021-02-14 15:52
2025-08-18 18:01:38 | INFO     | get_historical_data:108 - Загружено 1000 свечей | Общее количество: 595000 | Диапазон: 2021-02-17 10:33 - 2021-02-18 03:12
2025-08-18 18:01:40 | INFO     | get_historical_data:108 - Загружено 1000 свечей | Общее количество: 600000 | Диапазон: 2021-02-20 21:53 - 2021-02-21 14:32
2025-08-18 18:01:42 | INFO     | get_historical_data:108 - Загружено 1000 свечей | Общее количество: 605000 | Диапазон: 2021-02-24 09:13 - 2021-02-25 01:52
2025-08-18 18:01:44 | INFO     | get_historical_data:108 - Загружено 1000 свечей | Общее количество: 610000 | Диапазон: 2021-02-27 20:33 - 2021-02-28 13:12
2025-08-18 18:01:47 | INFO     | get_historical_data:108 - Загружено 1000 свечей | Общее количество: 615000 | Диапазон: 2021-03-03 07:53 - 2021-03-04 00:32
2025-08-18 18:01:49 | INFO     | get_historical_data:108 - Загружено 1000 свечей | Общее количество: 620000 | Диапазон: 2021-03-06 20:43 - 2021-03-07 13:22
2025-08-18 18:01:51 | INFO     | get_historical_data:108 - Загружено 1000 свечей | Общее количество: 625000 | Диапазон: 2021-03-10 08:03 - 2021-03-11 00:42
2025-08-18 18:01:53 | INFO     | get_historical_data:108 - Загружено 1000 свечей | Общее количество: 630000 | Диапазон: 2021-03-13 19:23 - 2021-03-14 12:02
2025-08-18 18:01:56 | INFO     | get_historical_data:108 - Загружено 1000 свечей | Общее количество: 635000 | Диапазон: 2021-03-17 06:43 - 2021-03-17 23:22
2025-08-18 18:01:58 | INFO     | get_historical_data:108 - Загружено 1000 свечей | Общее количество: 640000 | Диапазон: 2021-03-20 18:03 - 2021-03-21 10:42
2025-08-18 18:02:00 | INFO     | get_historical_data:108 - Загружено 1000 свечей | Общее количество: 645000 | Диапазон: 2021-03-24 05:23 - 2021-03-24 22:02
2025-08-18 18:02:02 | INFO     | get_historical_data:108 - Загружено 1000 свечей | Общее количество: 650000 | Диапазон: 2021-03-27 16:43 - 2021-03-28 09:22
2025-08-18 18:02:04 | INFO     | get_historical_data:108 - Загружено 1000 свечей | Общее количество: 655000 | Диапазон: 2021-03-31 04:03 - 2021-03-31 20:42
2025-08-18 18:02:07 | INFO     | get_historical_data:108 - Загружено 1000 свечей | Общее количество: 660000 | Диапазон: 2021-04-03 15:23 - 2021-04-04 08:02
2025-08-18 18:02:09 | INFO     | get_historical_data:108 - Загружено 1000 свечей | Общее количество: 665000 | Диапазон: 2021-04-07 02:43 - 2021-04-07 19:22
2025-08-18 18:02:11 | INFO     | get_historical_data:108 - Загружено 1000 свечей | Общее количество: 670000 | Диапазон: 2021-04-10 14:03 - 2021-04-11 06:42
2025-08-18 18:02:13 | INFO     | get_historical_data:108 - Загружено 1000 свечей | Общее количество: 675000 | Диапазон: 2021-04-14 01:23 - 2021-04-14 18:02
2025-08-18 18:02:15 | INFO     | get_historical_data:108 - Загружено 1000 свечей | Общее количество: 680000 | Диапазон: 2021-04-17 12:43 - 2021-04-18 05:22
2025-08-18 18:02:18 | INFO     | get_historical_data:108 - Загружено 1000 свечей | Общее количество: 685000 | Диапазон: 2021-04-21 02:33 - 2021-04-21 19:12
2025-08-18 18:02:20 | INFO     | get_historical_data:108 - Загружено 1000 свечей | Общее количество: 690000 | Диапазон: 2021-04-24 13:53 - 2021-04-25 06:32
2025-08-18 18:02:22 | INFO     | get_historical_data:108 - Загружено 1000 свечей | Общее количество: 695000 | Диапазон: 2021-04-28 05:57 - 2021-04-28 22:36
2025-08-18 18:02:24 | INFO     | get_historical_data:108 - Загружено 1000 свечей | Общее количество: 700000 | Диапазон: 2021-05-01 17:17 - 2021-05-02 09:56
2025-08-18 18:02:26 | INFO     | get_historical_data:108 - Загружено 1000 свечей | Общее количество: 705000 | Диапазон: 2021-05-05 04:37 - 2021-05-05 21:16
2025-08-18 18:02:28 | INFO     | get_historical_data:108 - Загружено 1000 свечей | Общее количество: 710000 | Диапазон: 2021-05-08 15:57 - 2021-05-09 08:36
2025-08-18 18:02:31 | INFO     | get_historical_data:108 - Загружено 1000 свечей | Общее количество: 715000 | Диапазон: 2021-05-12 03:17 - 2021-05-12 19:56
2025-08-18 18:02:33 | INFO     | get_historical_data:108 - Загружено 1000 свечей | Общее количество: 720000 | Диапазон: 2021-05-15 14:37 - 2021-05-16 07:16
2025-08-18 18:02:35 | INFO     | get_historical_data:108 - Загружено 1000 свечей | Общее количество: 725000 | Диапазон: 2021-05-19 01:57 - 2021-05-19 18:36
2025-08-18 18:02:37 | INFO     | get_historical_data:108 - Загружено 1000 свечей | Общее количество: 730000 | Диапазон: 2021-05-22 13:17 - 2021-05-23 05:56
2025-08-18 18:02:39 | INFO     | get_historical_data:108 - Загружено 1000 свечей | Общее количество: 735000 | Диапазон: 2021-05-26 00:37 - 2021-05-26 17:16
2025-08-18 18:02:41 | INFO     | get_historical_data:108 - Загружено 1000 свечей | Общее количество: 740000 | Диапазон: 2021-05-29 11:57 - 2021-05-30 04:36
2025-08-18 18:02:43 | INFO     | get_historical_data:108 - Загружено 1000 свечей | Общее количество: 745000 | Диапазон: 2021-06-01 23:17 - 2021-06-02 15:56
2025-08-18 18:02:46 | INFO     | get_historical_data:108 - Загружено 1000 свечей | Общее количество: 750000 | Диапазон: 2021-06-05 10:37 - 2021-06-06 03:16
2025-08-18 18:02:48 | INFO     | get_historical_data:108 - Загружено 1000 свечей | Общее количество: 755000 | Диапазон: 2021-06-08 21:57 - 2021-06-09 14:36
2025-08-18 18:02:50 | INFO     | get_historical_data:108 - Загружено 1000 свечей | Общее количество: 760000 | Диапазон: 2021-06-12 09:17 - 2021-06-13 01:56
2025-08-18 18:02:52 | INFO     | get_historical_data:108 - Загружено 1000 свечей | Общее количество: 765000 | Диапазон: 2021-06-15 20:37 - 2021-06-16 13:16
2025-08-18 18:02:54 | INFO     | get_historical_data:108 - Загружено 1000 свечей | Общее количество: 770000 | Диапазон: 2021-06-19 07:57 - 2021-06-20 00:36
2025-08-18 18:02:56 | INFO     | get_historical_data:108 - Загружено 1000 свечей | Общее количество: 775000 | Диапазон: 2021-06-22 19:17 - 2021-06-23 11:56
2025-08-18 18:02:58 | INFO     | get_historical_data:108 - Загружено 1000 свечей | Общее количество: 780000 | Диапазон: 2021-06-26 06:37 - 2021-06-26 23:16
2025-08-18 18:03:01 | INFO     | get_historical_data:108 - Загружено 1000 свечей | Общее количество: 785000 | Диапазон: 2021-06-29 17:57 - 2021-06-30 10:36
2025-08-18 18:03:03 | INFO     | get_historical_data:108 - Загружено 1000 свечей | Общее количество: 790000 | Диапазон: 2021-07-03 05:17 - 2021-07-03 21:56
2025-08-18 18:03:05 | INFO     | get_historical_data:108 - Загружено 1000 свечей | Общее количество: 795000 | Диапазон: 2021-07-06 16:37 - 2021-07-07 09:16
2025-08-18 18:03:07 | INFO     | get_historical_data:108 - Загружено 1000 свечей | Общее количество: 800000 | Диапазон: 2021-07-10 03:57 - 2021-07-10 20:36
2025-08-18 18:03:09 | INFO     | get_historical_data:108 - Загружено 1000 свечей | Общее количество: 805000 | Диапазон: 2021-07-13 15:17 - 2021-07-14 07:56
2025-08-18 18:03:11 | INFO     | get_historical_data:108 - Загружено 1000 свечей | Общее количество: 810000 | Диапазон: 2021-07-17 02:37 - 2021-07-17 19:16
2025-08-18 18:03:13 | INFO     | get_historical_data:108 - Загружено 1000 свечей | Общее количество: 815000 | Диапазон: 2021-07-20 13:57 - 2021-07-21 06:36
2025-08-18 18:03:16 | INFO     | get_historical_data:108 - Загружено 1000 свечей | Общее количество: 820000 | Диапазон: 2021-07-24 01:17 - 2021-07-24 17:56
2025-08-18 18:03:18 | INFO     | get_historical_data:108 - Загружено 1000 свечей | Общее количество: 825000 | Диапазон: 2021-07-27 12:37 - 2021-07-28 05:16
2025-08-18 18:03:20 | INFO     | get_historical_data:108 - Загружено 1000 свечей | Общее количество: 830000 | Диапазон: 2021-07-30 23:57 - 2021-07-31 16:36
2025-08-18 18:03:22 | INFO     | get_historical_data:108 - Загружено 1000 свечей | Общее количество: 835000 | Диапазон: 2021-08-03 11:17 - 2021-08-04 03:56
2025-08-18 18:03:24 | INFO     | get_historical_data:108 - Загружено 1000 свечей | Общее количество: 840000 | Диапазон: 2021-08-06 22:37 - 2021-08-07 15:16
2025-08-18 18:03:27 | INFO     | get_historical_data:108 - Загружено 1000 свечей | Общее количество: 845000 | Диапазон: 2021-08-10 09:57 - 2021-08-11 02:36
2025-08-18 18:03:29 | INFO     | get_historical_data:108 - Загружено 1000 свечей | Общее количество: 850000 | Диапазон: 2021-08-14 01:47 - 2021-08-14 18:26
2025-08-18 18:03:31 | INFO     | get_historical_data:108 - Загружено 1000 свечей | Общее количество: 855000 | Диапазон: 2021-08-17 13:07 - 2021-08-18 05:46
2025-08-18 18:03:33 | INFO     | get_historical_data:108 - Загружено 1000 свечей | Общее количество: 860000 | Диапазон: 2021-08-21 00:27 - 2021-08-21 17:06
2025-08-18 18:03:35 | INFO     | get_historical_data:108 - Загружено 1000 свечей | Общее количество: 865000 | Диапазон: 2021-08-24 11:47 - 2021-08-25 04:26
2025-08-18 18:03:38 | INFO     | get_historical_data:108 - Загружено 1000 свечей | Общее количество: 870000 | Диапазон: 2021-08-27 23:07 - 2021-08-28 15:46
2025-08-18 18:03:40 | INFO     | get_historical_data:108 - Загружено 1000 свечей | Общее количество: 875000 | Диапазон: 2021-08-31 10:27 - 2021-09-01 03:06
2025-08-18 18:03:42 | INFO     | get_historical_data:108 - Загружено 1000 свечей | Общее количество: 880000 | Диапазон: 2021-09-03 21:47 - 2021-09-04 14:26
2025-08-18 18:03:44 | INFO     | get_historical_data:108 - Загружено 1000 свечей | Общее количество: 885000 | Диапазон: 2021-09-07 09:07 - 2021-09-08 01:46
2025-08-18 18:03:46 | INFO     | get_historical_data:108 - Загружено 1000 свечей | Общее количество: 890000 | Диапазон: 2021-09-10 20:27 - 2021-09-11 13:06
2025-08-18 18:03:48 | INFO     | get_historical_data:108 - Загружено 1000 свечей | Общее количество: 895000 | Диапазон: 2021-09-14 07:47 - 2021-09-15 00:26
2025-08-18 18:03:50 | INFO     | get_historical_data:108 - Загружено 1000 свечей | Общее количество: 900000 | Диапазон: 2021-09-17 19:07 - 2021-09-18 11:46
2025-08-18 18:03:52 | INFO     | get_historical_data:108 - Загружено 1000 свечей | Общее количество: 905000 | Диапазон: 2021-09-21 06:27 - 2021-09-21 23:06
2025-08-18 18:03:55 | INFO     | get_historical_data:108 - Загружено 1000 свечей | Общее количество: 910000 | Диапазон: 2021-09-24 17:47 - 2021-09-25 10:26
2025-08-18 18:03:57 | INFO     | get_historical_data:108 - Загружено 1000 свечей | Общее количество: 915000 | Диапазон: 2021-09-28 05:07 - 2021-09-28 21:46
2025-08-18 18:03:59 | INFO     | get_historical_data:108 - Загружено 1000 свечей | Общее количество: 920000 | Диапазон: 2021-10-01 18:27 - 2021-10-02 11:06
2025-08-18 18:04:01 | INFO     | get_historical_data:108 - Загружено 1000 свечей | Общее количество: 925000 | Диапазон: 2021-10-05 05:47 - 2021-10-05 22:26
2025-08-18 18:04:03 | INFO     | get_historical_data:108 - Загружено 1000 свечей | Общее количество: 930000 | Диапазон: 2021-10-08 17:07 - 2021-10-09 09:46
2025-08-18 18:04:05 | INFO     | get_historical_data:108 - Загружено 1000 свечей | Общее количество: 935000 | Диапазон: 2021-10-12 04:27 - 2021-10-12 21:06
2025-08-18 18:04:07 | INFO     | get_historical_data:108 - Загружено 1000 свечей | Общее количество: 940000 | Диапазон: 2021-10-15 15:47 - 2021-10-16 08:26
2025-08-18 18:04:10 | INFO     | get_historical_data:108 - Загружено 1000 свечей | Общее количество: 945000 | Диапазон: 2021-10-19 03:07 - 2021-10-19 19:46
2025-08-18 18:04:12 | INFO     | get_historical_data:108 - Загружено 1000 свечей | Общее количество: 950000 | Диапазон: 2021-10-22 14:27 - 2021-10-23 07:06
2025-08-18 18:04:14 | INFO     | get_historical_data:108 - Загружено 1000 свечей | Общее количество: 955000 | Диапазон: 2021-10-26 01:47 - 2021-10-26 18:26
2025-08-18 18:04:16 | INFO     | get_historical_data:108 - Загружено 1000 свечей | Общее количество: 960000 | Диапазон: 2021-10-29 13:07 - 2021-10-30 05:46
2025-08-18 18:04:19 | INFO     | get_historical_data:108 - Загружено 1000 свечей | Общее количество: 965000 | Диапазон: 2021-11-02 00:27 - 2021-11-02 17:06
2025-08-18 18:04:21 | INFO     | get_historical_data:108 - Загружено 1000 свечей | Общее количество: 970000 | Диапазон: 2021-11-05 11:47 - 2021-11-06 04:26
2025-08-18 18:04:23 | INFO     | get_historical_data:108 - Загружено 1000 свечей | Общее количество: 975000 | Диапазон: 2021-11-08 23:07 - 2021-11-09 15:46
2025-08-18 18:04:26 | INFO     | get_historical_data:108 - Загружено 1000 свечей | Общее количество: 980000 | Диапазон: 2021-11-12 10:27 - 2021-11-13 03:06
2025-08-18 18:04:28 | INFO     | get_historical_data:108 - Загружено 1000 свечей | Общее количество: 985000 | Диапазон: 2021-11-15 21:47 - 2021-11-16 14:26
2025-08-18 18:04:30 | INFO     | get_historical_data:108 - Загружено 1000 свечей | Общее количество: 990000 | Диапазон: 2021-11-19 09:07 - 2021-11-20 01:46
2025-08-18 18:04:32 | INFO     | get_historical_data:108 - Загружено 1000 свечей | Общее количество: 995000 | Диапазон: 2021-11-22 20:27 - 2021-11-23 13:06
2025-08-18 18:04:34 | INFO     | get_historical_data:108 - Загружено 1000 свечей | Общее количество: 1000000 | Диапазон: 2021-11-26 07:47 - 2021-11-27 00:26
2025-08-18 18:04:37 | INFO     | get_historical_data:108 - Загружено 1000 свечей | Общее количество: 1005000 | Диапазон: 2021-11-29 19:07 - 2021-11-30 11:46
2025-08-18 18:04:39 | INFO     | get_historical_data:108 - Загружено 1000 свечей | Общее количество: 1010000 | Диапазон: 2021-12-03 06:27 - 2021-12-03 23:06
2025-08-18 18:04:41 | INFO     | get_historical_data:108 - Загружено 1000 свечей | Общее количество: 1015000 | Диапазон: 2021-12-06 17:47 - 2021-12-07 10:26
2025-08-18 18:04:43 | INFO     | get_historical_data:108 - Загружено 1000 свечей | Общее количество: 1020000 | Диапазон: 2021-12-10 05:07 - 2021-12-10 21:46
2025-08-18 18:04:45 | INFO     | get_historical_data:108 - Загружено 1000 свечей | Общее количество: 1025000 | Диапазон: 2021-12-13 16:27 - 2021-12-14 09:06
2025-08-18 18:04:47 | INFO     | get_historical_data:108 - Загружено 1000 свечей | Общее количество: 1030000 | Диапазон: 2021-12-17 03:47 - 2021-12-17 20:26
2025-08-18 18:04:49 | INFO     | get_historical_data:108 - Загружено 1000 свечей | Общее количество: 1035000 | Диапазон: 2021-12-20 15:07 - 2021-12-21 07:46
2025-08-18 18:04:52 | INFO     | get_historical_data:108 - Загружено 1000 свечей | Общее количество: 1040000 | Диапазон: 2021-12-24 02:27 - 2021-12-24 19:06
2025-08-18 18:04:54 | INFO     | get_historical_data:108 - Загружено 1000 свечей | Общее количество: 1045000 | Диапазон: 2021-12-27 13:47 - 2021-12-28 06:26
2025-08-18 18:04:56 | INFO     | get_historical_data:108 - Загружено 1000 свечей | Общее количество: 1050000 | Диапазон: 2021-12-31 01:07 - 2021-12-31 17:46
2025-08-18 18:04:58 | INFO     | get_historical_data:108 - Загружено 1000 свечей | Общее количество: 1055000 | Диапазон: 2022-01-03 12:27 - 2022-01-04 05:06
2025-08-18 18:05:01 | INFO     | get_historical_data:108 - Загружено 1000 свечей | Общее количество: 1060000 | Диапазон: 2022-01-06 23:47 - 2022-01-07 16:26
2025-08-18 18:05:03 | INFO     | get_historical_data:108 - Загружено 1000 свечей | Общее количество: 1065000 | Диапазон: 2022-01-10 11:07 - 2022-01-11 03:46
2025-08-18 18:05:06 | INFO     | get_historical_data:108 - Загружено 1000 свечей | Общее количество: 1070000 | Диапазон: 2022-01-13 22:27 - 2022-01-14 15:06
2025-08-18 18:05:08 | INFO     | get_historical_data:108 - Загружено 1000 свечей | Общее количество: 1075000 | Диапазон: 2022-01-17 09:47 - 2022-01-18 02:26
2025-08-18 18:05:10 | INFO     | get_historical_data:108 - Загружено 1000 свечей | Общее количество: 1080000 | Диапазон: 2022-01-20 21:07 - 2022-01-21 13:46
2025-08-18 18:05:13 | INFO     | get_historical_data:108 - Загружено 1000 свечей | Общее количество: 1085000 | Диапазон: 2022-01-24 08:27 - 2022-01-25 01:06
2025-08-18 18:05:15 | INFO     | get_historical_data:108 - Загружено 1000 свечей | Общее количество: 1090000 | Диапазон: 2022-01-27 19:47 - 2022-01-28 12:26
2025-08-18 18:05:17 | INFO     | get_historical_data:108 - Загружено 1000 свечей | Общее количество: 1095000 | Диапазон: 2022-01-31 07:07 - 2022-01-31 23:46
2025-08-18 18:05:20 | INFO     | get_historical_data:108 - Загружено 1000 свечей | Общее количество: 1100000 | Диапазон: 2022-02-03 18:27 - 2022-02-04 11:06
2025-08-18 18:05:22 | INFO     | get_historical_data:108 - Загружено 1000 свечей | Общее количество: 1105000 | Диапазон: 2022-02-07 05:47 - 2022-02-07 22:26
2025-08-18 18:05:24 | INFO     | get_historical_data:108 - Загружено 1000 свечей | Общее количество: 1110000 | Диапазон: 2022-02-10 17:07 - 2022-02-11 09:46
2025-08-18 18:05:26 | INFO     | get_historical_data:108 - Загружено 1000 свечей | Общее количество: 1115000 | Диапазон: 2022-02-14 04:27 - 2022-02-14 21:06
2025-08-18 18:05:28 | INFO     | get_historical_data:108 - Загружено 1000 свечей | Общее количество: 1120000 | Диапазон: 2022-02-17 15:47 - 2022-02-18 08:26
2025-08-18 18:05:30 | INFO     | get_historical_data:108 - Загружено 1000 свечей | Общее количество: 1125000 | Диапазон: 2022-02-21 03:07 - 2022-02-21 19:46
2025-08-18 18:05:32 | INFO     | get_historical_data:108 - Загружено 1000 свечей | Общее количество: 1130000 | Диапазон: 2022-02-24 14:27 - 2022-02-25 07:06
2025-08-18 18:05:35 | INFO     | get_historical_data:108 - Загружено 1000 свечей | Общее количество: 1135000 | Диапазон: 2022-02-28 01:47 - 2022-02-28 18:26
2025-08-18 18:05:37 | INFO     | get_historical_data:108 - Загружено 1000 свечей | Общее количество: 1140000 | Диапазон: 2022-03-03 13:07 - 2022-03-04 05:46
2025-08-18 18:05:39 | INFO     | get_historical_data:108 - Загружено 1000 свечей | Общее количество: 1145000 | Диапазон: 2022-03-07 00:27 - 2022-03-07 17:06
2025-08-18 18:05:41 | INFO     | get_historical_data:108 - Загружено 1000 свечей | Общее количество: 1150000 | Диапазон: 2022-03-10 11:47 - 2022-03-11 04:26
2025-08-18 18:05:43 | INFO     | get_historical_data:108 - Загружено 1000 свечей | Общее количество: 1155000 | Диапазон: 2022-03-13 23:07 - 2022-03-14 15:46
2025-08-18 18:05:45 | INFO     | get_historical_data:108 - Загружено 1000 свечей | Общее количество: 1160000 | Диапазон: 2022-03-17 10:27 - 2022-03-18 03:06
2025-08-18 18:05:47 | INFO     | get_historical_data:108 - Загружено 1000 свечей | Общее количество: 1165000 | Диапазон: 2022-03-20 21:47 - 2022-03-21 14:26
2025-08-18 18:05:50 | INFO     | get_historical_data:108 - Загружено 1000 свечей | Общее количество: 1170000 | Диапазон: 2022-03-24 09:07 - 2022-03-25 01:46
2025-08-18 18:05:52 | INFO     | get_historical_data:108 - Загружено 1000 свечей | Общее количество: 1175000 | Диапазон: 2022-03-27 20:27 - 2022-03-28 13:06
2025-08-18 18:05:54 | INFO     | get_historical_data:108 - Загружено 1000 свечей | Общее количество: 1180000 | Диапазон: 2022-03-31 07:47 - 2022-04-01 00:26
2025-08-18 18:05:56 | INFO     | get_historical_data:108 - Загружено 1000 свечей | Общее количество: 1185000 | Диапазон: 2022-04-03 19:07 - 2022-04-04 11:46
2025-08-18 18:05:58 | INFO     | get_historical_data:108 - Загружено 1000 свечей | Общее количество: 1190000 | Диапазон: 2022-04-07 06:27 - 2022-04-07 23:06
2025-08-18 18:06:00 | INFO     | get_historical_data:108 - Загружено 1000 свечей | Общее количество: 1195000 | Диапазон: 2022-04-10 17:47 - 2022-04-11 10:26
2025-08-18 18:06:02 | INFO     | get_historical_data:108 - Загружено 1000 свечей | Общее количество: 1200000 | Диапазон: 2022-04-14 05:07 - 2022-04-14 21:46
2025-08-18 18:06:05 | INFO     | get_historical_data:108 - Загружено 1000 свечей | Общее количество: 1205000 | Диапазон: 2022-04-17 16:27 - 2022-04-18 09:06
2025-08-18 18:06:07 | INFO     | get_historical_data:108 - Загружено 1000 свечей | Общее количество: 1210000 | Диапазон: 2022-04-21 03:47 - 2022-04-21 20:26
2025-08-18 18:06:09 | INFO     | get_historical_data:108 - Загружено 1000 свечей | Общее количество: 1215000 | Диапазон: 2022-04-24 15:07 - 2022-04-25 07:46
2025-08-18 18:06:12 | INFO     | get_historical_data:108 - Загружено 1000 свечей | Общее количество: 1220000 | Диапазон: 2022-04-28 02:27 - 2022-04-28 19:06
2025-08-18 18:06:14 | INFO     | get_historical_data:108 - Загружено 1000 свечей | Общее количество: 1225000 | Диапазон: 2022-05-01 13:47 - 2022-05-02 06:26
2025-08-18 18:06:17 | INFO     | get_historical_data:108 - Загружено 1000 свечей | Общее количество: 1230000 | Диапазон: 2022-05-05 01:07 - 2022-05-05 17:46
2025-08-18 18:06:19 | INFO     | get_historical_data:108 - Загружено 1000 свечей | Общее количество: 1235000 | Диапазон: 2022-05-08 12:27 - 2022-05-09 05:06
2025-08-18 18:06:21 | INFO     | get_historical_data:108 - Загружено 1000 свечей | Общее количество: 1240000 | Диапазон: 2022-05-11 23:47 - 2022-05-12 16:26
2025-08-18 18:06:23 | INFO     | get_historical_data:108 - Загружено 1000 свечей | Общее количество: 1245000 | Диапазон: 2022-05-15 11:07 - 2022-05-16 03:46
2025-08-18 18:06:25 | INFO     | get_historical_data:108 - Загружено 1000 свечей | Общее количество: 1250000 | Диапазон: 2022-05-18 22:27 - 2022-05-19 15:06
2025-08-18 18:06:27 | INFO     | get_historical_data:108 - Загружено 1000 свечей | Общее количество: 1255000 | Диапазон: 2022-05-22 09:47 - 2022-05-23 02:26
2025-08-18 18:06:30 | INFO     | get_historical_data:108 - Загружено 1000 свечей | Общее количество: 1260000 | Диапазон: 2022-05-25 21:07 - 2022-05-26 13:46
2025-08-18 18:06:32 | INFO     | get_historical_data:108 - Загружено 1000 свечей | Общее количество: 1265000 | Диапазон: 2022-05-29 08:27 - 2022-05-30 01:06
2025-08-18 18:06:34 | INFO     | get_historical_data:108 - Загружено 1000 свечей | Общее количество: 1270000 | Диапазон: 2022-06-01 19:47 - 2022-06-02 12:26
2025-08-18 18:06:36 | INFO     | get_historical_data:108 - Загружено 1000 свечей | Общее количество: 1275000 | Диапазон: 2022-06-05 07:07 - 2022-06-05 23:46
2025-08-18 18:06:38 | INFO     | get_historical_data:108 - Загружено 1000 свечей | Общее количество: 1280000 | Диапазон: 2022-06-08 18:27 - 2022-06-09 11:06
2025-08-18 18:06:40 | INFO     | get_historical_data:108 - Загружено 1000 свечей | Общее количество: 1285000 | Диапазон: 2022-06-12 05:47 - 2022-06-12 22:26
2025-08-18 18:06:42 | INFO     | get_historical_data:108 - Загружено 1000 свечей | Общее количество: 1290000 | Диапазон: 2022-06-15 17:07 - 2022-06-16 09:46
2025-08-18 18:06:45 | INFO     | get_historical_data:108 - Загружено 1000 свечей | Общее количество: 1295000 | Диапазон: 2022-06-19 04:27 - 2022-06-19 21:06
2025-08-18 18:06:47 | INFO     | get_historical_data:108 - Загружено 1000 свечей | Общее количество: 1300000 | Диапазон: 2022-06-22 15:47 - 2022-06-23 08:26
2025-08-18 18:06:49 | INFO     | get_historical_data:108 - Загружено 1000 свечей | Общее количество: 1305000 | Диапазон: 2022-06-26 03:07 - 2022-06-26 19:46
2025-08-18 18:06:51 | INFO     | get_historical_data:108 - Загружено 1000 свечей | Общее количество: 1310000 | Диапазон: 2022-06-29 14:27 - 2022-06-30 07:06
2025-08-18 18:06:53 | INFO     | get_historical_data:108 - Загружено 1000 свечей | Общее количество: 1315000 | Диапазон: 2022-07-03 01:47 - 2022-07-03 18:26
2025-08-18 18:06:55 | INFO     | get_historical_data:108 - Загружено 1000 свечей | Общее количество: 1320000 | Диапазон: 2022-07-06 13:07 - 2022-07-07 05:46
2025-08-18 18:06:57 | INFO     | get_historical_data:108 - Загружено 1000 свечей | Общее количество: 1325000 | Диапазон: 2022-07-10 00:27 - 2022-07-10 17:06
2025-08-18 18:07:00 | INFO     | get_historical_data:108 - Загружено 1000 свечей | Общее количество: 1330000 | Диапазон: 2022-07-13 11:47 - 2022-07-14 04:26
2025-08-18 18:07:02 | INFO     | get_historical_data:108 - Загружено 1000 свечей | Общее количество: 1335000 | Диапазон: 2022-07-16 23:07 - 2022-07-17 15:46
2025-08-18 18:07:04 | INFO     | get_historical_data:108 - Загружено 1000 свечей | Общее количество: 1340000 | Диапазон: 2022-07-20 10:27 - 2022-07-21 03:06
2025-08-18 18:07:06 | INFO     | get_historical_data:108 - Загружено 1000 свечей | Общее количество: 1345000 | Диапазон: 2022-07-23 21:47 - 2022-07-24 14:26
2025-08-18 18:07:08 | INFO     | get_historical_data:108 - Загружено 1000 свечей | Общее количество: 1350000 | Диапазон: 2022-07-27 09:07 - 2022-07-28 01:46
2025-08-18 18:07:10 | INFO     | get_historical_data:108 - Загружено 1000 свечей | Общее количество: 1355000 | Диапазон: 2022-07-30 20:27 - 2022-07-31 13:06
2025-08-18 18:07:13 | INFO     | get_historical_data:108 - Загружено 1000 свечей | Общее количество: 1360000 | Диапазон: 2022-08-03 07:47 - 2022-08-04 00:26
2025-08-18 18:07:15 | INFO     | get_historical_data:108 - Загружено 1000 свечей | Общее количество: 1365000 | Диапазон: 2022-08-06 19:07 - 2022-08-07 11:46
2025-08-18 18:07:17 | INFO     | get_historical_data:108 - Загружено 1000 свечей | Общее количество: 1370000 | Диапазон: 2022-08-10 06:27 - 2022-08-10 23:06
2025-08-18 18:07:20 | INFO     | get_historical_data:108 - Загружено 1000 свечей | Общее количество: 1375000 | Диапазон: 2022-08-13 17:47 - 2022-08-14 10:26
2025-08-18 18:07:22 | INFO     | get_historical_data:108 - Загружено 1000 свечей | Общее количество: 1380000 | Диапазон: 2022-08-17 05:07 - 2022-08-17 21:46
2025-08-18 18:07:24 | INFO     | get_historical_data:108 - Загружено 1000 свечей | Общее количество: 1385000 | Диапазон: 2022-08-20 16:27 - 2022-08-21 09:06
2025-08-18 18:07:27 | INFO     | get_historical_data:108 - Загружено 1000 свечей | Общее количество: 1390000 | Диапазон: 2022-08-24 03:47 - 2022-08-24 20:26
2025-08-18 18:07:29 | INFO     | get_historical_data:108 - Загружено 1000 свечей | Общее количество: 1395000 | Диапазон: 2022-08-27 15:07 - 2022-08-28 07:46
2025-08-18 18:07:31 | INFO     | get_historical_data:108 - Загружено 1000 свечей | Общее количество: 1400000 | Диапазон: 2022-08-31 02:27 - 2022-08-31 19:06
2025-08-18 18:07:33 | INFO     | get_historical_data:108 - Загружено 1000 свечей | Общее количество: 1405000 | Диапазон: 2022-09-03 13:47 - 2022-09-04 06:26
2025-08-18 18:07:35 | INFO     | get_historical_data:108 - Загружено 1000 свечей | Общее количество: 1410000 | Диапазон: 2022-09-07 01:07 - 2022-09-07 17:46
2025-08-18 18:07:37 | INFO     | get_historical_data:108 - Загружено 1000 свечей | Общее количество: 1415000 | Диапазон: 2022-09-10 12:27 - 2022-09-11 05:06
2025-08-18 18:07:40 | INFO     | get_historical_data:108 - Загружено 1000 свечей | Общее количество: 1420000 | Диапазон: 2022-09-13 23:47 - 2022-09-14 16:26
2025-08-18 18:07:42 | INFO     | get_historical_data:108 - Загружено 1000 свечей | Общее количество: 1425000 | Диапазон: 2022-09-17 11:07 - 2022-09-18 03:46
2025-08-18 18:07:44 | INFO     | get_historical_data:108 - Загружено 1000 свечей | Общее количество: 1430000 | Диапазон: 2022-09-20 22:27 - 2022-09-21 15:06
2025-08-18 18:07:46 | INFO     | get_historical_data:108 - Загружено 1000 свечей | Общее количество: 1435000 | Диапазон: 2022-09-24 09:47 - 2022-09-25 02:26
2025-08-18 18:07:48 | INFO     | get_historical_data:108 - Загружено 1000 свечей | Общее количество: 1440000 | Диапазон: 2022-09-27 21:07 - 2022-09-28 13:46
2025-08-18 18:07:51 | INFO     | get_historical_data:108 - Загружено 1000 свечей | Общее количество: 1445000 | Диапазон: 2022-10-01 08:27 - 2022-10-02 01:06
2025-08-18 18:07:53 | INFO     | get_historical_data:108 - Загружено 1000 свечей | Общее количество: 1450000 | Диапазон: 2022-10-04 19:47 - 2022-10-05 12:26
2025-08-18 18:07:55 | INFO     | get_historical_data:108 - Загружено 1000 свечей | Общее количество: 1455000 | Диапазон: 2022-10-08 07:07 - 2022-10-08 23:46
2025-08-18 18:07:57 | INFO     | get_historical_data:108 - Загружено 1000 свечей | Общее количество: 1460000 | Диапазон: 2022-10-11 18:27 - 2022-10-12 11:06
2025-08-18 18:07:59 | INFO     | get_historical_data:108 - Загружено 1000 свечей | Общее количество: 1465000 | Диапазон: 2022-10-15 05:47 - 2022-10-15 22:26
2025-08-18 18:08:02 | INFO     | get_historical_data:108 - Загружено 1000 свечей | Общее количество: 1470000 | Диапазон: 2022-10-18 17:07 - 2022-10-19 09:46
2025-08-18 18:08:04 | INFO     | get_historical_data:108 - Загружено 1000 свечей | Общее количество: 1475000 | Диапазон: 2022-10-22 04:27 - 2022-10-22 21:06
2025-08-18 18:08:06 | INFO     | get_historical_data:108 - Загружено 1000 свечей | Общее количество: 1480000 | Диапазон: 2022-10-25 15:47 - 2022-10-26 08:26
2025-08-18 18:08:08 | INFO     | get_historical_data:108 - Загружено 1000 свечей | Общее количество: 1485000 | Диапазон: 2022-10-29 03:07 - 2022-10-29 19:46
2025-08-18 18:08:11 | INFO     | get_historical_data:108 - Загружено 1000 свечей | Общее количество: 1490000 | Диапазон: 2022-11-01 14:27 - 2022-11-02 07:06
2025-08-18 18:08:13 | INFO     | get_historical_data:108 - Загружено 1000 свечей | Общее количество: 1495000 | Диапазон: 2022-11-05 01:47 - 2022-11-05 18:26
2025-08-18 18:08:15 | INFO     | get_historical_data:108 - Загружено 1000 свечей | Общее количество: 1500000 | Диапазон: 2022-11-08 13:07 - 2022-11-09 05:46
2025-08-18 18:08:17 | INFO     | get_historical_data:108 - Загружено 1000 свечей | Общее количество: 1505000 | Диапазон: 2022-11-12 00:27 - 2022-11-12 17:06
2025-08-18 18:08:19 | INFO     | get_historical_data:108 - Загружено 1000 свечей | Общее количество: 1510000 | Диапазон: 2022-11-15 11:47 - 2022-11-16 04:26
2025-08-18 18:08:22 | INFO     | get_historical_data:108 - Загружено 1000 свечей | Общее количество: 1515000 | Диапазон: 2022-11-18 23:07 - 2022-11-19 15:46
2025-08-18 18:08:24 | INFO     | get_historical_data:108 - Загружено 1000 свечей | Общее количество: 1520000 | Диапазон: 2022-11-22 10:27 - 2022-11-23 03:06
2025-08-18 18:08:26 | INFO     | get_historical_data:108 - Загружено 1000 свечей | Общее количество: 1525000 | Диапазон: 2022-11-25 21:47 - 2022-11-26 14:26
2025-08-18 18:08:28 | INFO     | get_historical_data:108 - Загружено 1000 свечей | Общее количество: 1530000 | Диапазон: 2022-11-29 09:07 - 2022-11-30 01:46
2025-08-18 18:08:30 | INFO     | get_historical_data:108 - Загружено 1000 свечей | Общее количество: 1535000 | Диапазон: 2022-12-02 20:27 - 2022-12-03 13:06
2025-08-18 18:08:33 | INFO     | get_historical_data:108 - Загружено 1000 свечей | Общее количество: 1540000 | Диапазон: 2022-12-06 07:47 - 2022-12-07 00:26
2025-08-18 18:08:35 | INFO     | get_historical_data:108 - Загружено 1000 свечей | Общее количество: 1545000 | Диапазон: 2022-12-09 19:07 - 2022-12-10 11:46
2025-08-18 18:08:37 | INFO     | get_historical_data:108 - Загружено 1000 свечей | Общее количество: 1550000 | Диапазон: 2022-12-13 06:27 - 2022-12-13 23:06
2025-08-18 18:08:39 | INFO     | get_historical_data:108 - Загружено 1000 свечей | Общее количество: 1555000 | Диапазон: 2022-12-16 17:47 - 2022-12-17 10:26
2025-08-18 18:08:41 | INFO     | get_historical_data:108 - Загружено 1000 свечей | Общее количество: 1560000 | Диапазон: 2022-12-20 05:07 - 2022-12-20 21:46
2025-08-18 18:08:43 | INFO     | get_historical_data:108 - Загружено 1000 свечей | Общее количество: 1565000 | Диапазон: 2022-12-23 16:27 - 2022-12-24 09:06
2025-08-18 18:08:46 | INFO     | get_historical_data:108 - Загружено 1000 свечей | Общее количество: 1570000 | Диапазон: 2022-12-27 03:47 - 2022-12-27 20:26
2025-08-18 18:08:48 | INFO     | get_historical_data:108 - Загружено 1000 свечей | Общее количество: 1575000 | Диапазон: 2022-12-30 15:07 - 2022-12-31 07:46
2025-08-18 18:08:50 | INFO     | get_historical_data:108 - Загружено 1000 свечей | Общее количество: 1580000 | Диапазон: 2023-01-03 02:27 - 2023-01-03 19:06
2025-08-18 18:08:52 | INFO     | get_historical_data:108 - Загружено 1000 свечей | Общее количество: 1585000 | Диапазон: 2023-01-06 13:47 - 2023-01-07 06:26
2025-08-18 18:08:54 | INFO     | get_historical_data:108 - Загружено 1000 свечей | Общее количество: 1590000 | Диапазон: 2023-01-10 01:07 - 2023-01-10 17:46
2025-08-18 18:08:57 | INFO     | get_historical_data:108 - Загружено 1000 свечей | Общее количество: 1595000 | Диапазон: 2023-01-13 12:27 - 2023-01-14 05:06
2025-08-18 18:08:59 | INFO     | get_historical_data:108 - Загружено 1000 свечей | Общее количество: 1600000 | Диапазон: 2023-01-16 23:47 - 2023-01-17 16:26
2025-08-18 18:09:01 | INFO     | get_historical_data:108 - Загружено 1000 свечей | Общее количество: 1605000 | Диапазон: 2023-01-20 11:07 - 2023-01-21 03:46
2025-08-18 18:09:03 | INFO     | get_historical_data:108 - Загружено 1000 свечей | Общее количество: 1610000 | Диапазон: 2023-01-23 22:27 - 2023-01-24 15:06
2025-08-18 18:09:05 | INFO     | get_historical_data:108 - Загружено 1000 свечей | Общее количество: 1615000 | Диапазон: 2023-01-27 09:47 - 2023-01-28 02:26
2025-08-18 18:09:08 | INFO     | get_historical_data:108 - Загружено 1000 свечей | Общее количество: 1620000 | Диапазон: 2023-01-30 21:07 - 2023-01-31 13:46
2025-08-18 18:09:10 | INFO     | get_historical_data:108 - Загружено 1000 свечей | Общее количество: 1625000 | Диапазон: 2023-02-03 08:27 - 2023-02-04 01:06
2025-08-18 18:09:12 | INFO     | get_historical_data:108 - Загружено 1000 свечей | Общее количество: 1630000 | Диапазон: 2023-02-06 19:47 - 2023-02-07 12:26
2025-08-18 18:09:14 | INFO     | get_historical_data:108 - Загружено 1000 свечей | Общее количество: 1635000 | Диапазон: 2023-02-10 07:07 - 2023-02-10 23:46
2025-08-18 18:09:16 | INFO     | get_historical_data:108 - Загружено 1000 свечей | Общее количество: 1640000 | Диапазон: 2023-02-13 18:27 - 2023-02-14 11:06
2025-08-18 18:09:18 | INFO     | get_historical_data:108 - Загружено 1000 свечей | Общее количество: 1645000 | Диапазон: 2023-02-17 05:47 - 2023-02-17 22:26
2025-08-18 18:09:21 | INFO     | get_historical_data:108 - Загружено 1000 свечей | Общее количество: 1650000 | Диапазон: 2023-02-20 17:07 - 2023-02-21 09:46
2025-08-18 18:09:23 | INFO     | get_historical_data:108 - Загружено 1000 свечей | Общее количество: 1655000 | Диапазон: 2023-02-24 04:27 - 2023-02-24 21:06
2025-08-18 18:09:25 | INFO     | get_historical_data:108 - Загружено 1000 свечей | Общее количество: 1660000 | Диапазон: 2023-02-27 15:47 - 2023-02-28 08:26
2025-08-18 18:09:27 | INFO     | get_historical_data:108 - Загружено 1000 свечей | Общее количество: 1665000 | Диапазон: 2023-03-03 03:07 - 2023-03-03 19:46
2025-08-18 18:09:29 | INFO     | get_historical_data:108 - Загружено 1000 свечей | Общее количество: 1670000 | Диапазон: 2023-03-06 14:27 - 2023-03-07 07:06
2025-08-18 18:09:31 | INFO     | get_historical_data:108 - Загружено 1000 свечей | Общее количество: 1675000 | Диапазон: 2023-03-10 01:47 - 2023-03-10 18:26
2025-08-18 18:09:34 | INFO     | get_historical_data:108 - Загружено 1000 свечей | Общее количество: 1680000 | Диапазон: 2023-03-13 13:07 - 2023-03-14 05:46
2025-08-18 18:09:36 | INFO     | get_historical_data:108 - Загружено 1000 свечей | Общее количество: 1685000 | Диапазон: 2023-03-17 00:27 - 2023-03-17 17:06
2025-08-18 18:09:38 | INFO     | get_historical_data:108 - Загружено 1000 свечей | Общее количество: 1690000 | Диапазон: 2023-03-20 11:47 - 2023-03-21 04:26
2025-08-18 18:09:40 | INFO     | get_historical_data:108 - Загружено 1000 свечей | Общее количество: 1695000 | Диапазон: 2023-03-23 23:07 - 2023-03-24 15:46
2025-08-18 18:09:42 | INFO     | get_historical_data:108 - Загружено 1000 свечей | Общее количество: 1700000 | Диапазон: 2023-03-27 11:47 - 2023-03-28 04:26
2025-08-18 18:09:44 | INFO     | get_historical_data:108 - Загружено 1000 свечей | Общее количество: 1705000 | Диапазон: 2023-03-30 23:07 - 2023-03-31 15:46
2025-08-18 18:09:47 | INFO     | get_historical_data:108 - Загружено 1000 свечей | Общее количество: 1710000 | Диапазон: 2023-04-03 10:27 - 2023-04-04 03:06
2025-08-18 18:09:49 | INFO     | get_historical_data:108 - Загружено 1000 свечей | Общее количество: 1715000 | Диапазон: 2023-04-06 21:47 - 2023-04-07 14:26
2025-08-18 18:09:51 | INFO     | get_historical_data:108 - Загружено 1000 свечей | Общее количество: 1720000 | Диапазон: 2023-04-10 09:07 - 2023-04-11 01:46
2025-08-18 18:09:53 | INFO     | get_historical_data:108 - Загружено 1000 свечей | Общее количество: 1725000 | Диапазон: 2023-04-13 20:27 - 2023-04-14 13:06
2025-08-18 18:09:55 | INFO     | get_historical_data:108 - Загружено 1000 свечей | Общее количество: 1730000 | Диапазон: 2023-04-17 07:47 - 2023-04-18 00:26
2025-08-18 18:09:57 | INFO     | get_historical_data:108 - Загружено 1000 свечей | Общее количество: 1735000 | Диапазон: 2023-04-20 19:07 - 2023-04-21 11:46
2025-08-18 18:10:00 | INFO     | get_historical_data:108 - Загружено 1000 свечей | Общее количество: 1740000 | Диапазон: 2023-04-24 06:27 - 2023-04-24 23:06
2025-08-18 18:10:02 | INFO     | get_historical_data:108 - Загружено 1000 свечей | Общее количество: 1745000 | Диапазон: 2023-04-27 17:47 - 2023-04-28 10:26
2025-08-18 18:10:04 | INFO     | get_historical_data:108 - Загружено 1000 свечей | Общее количество: 1750000 | Диапазон: 2023-05-01 05:07 - 2023-05-01 21:46
2025-08-18 18:10:06 | INFO     | get_historical_data:108 - Загружено 1000 свечей | Общее количество: 1755000 | Диапазон: 2023-05-04 16:27 - 2023-05-05 09:06
2025-08-18 18:10:09 | INFO     | get_historical_data:108 - Загружено 1000 свечей | Общее количество: 1760000 | Диапазон: 2023-05-08 03:47 - 2023-05-08 20:26
2025-08-18 18:10:12 | INFO     | get_historical_data:108 - Загружено 1000 свечей | Общее количество: 1765000 | Диапазон: 2023-05-11 15:07 - 2023-05-12 07:46
2025-08-18 18:10:14 | INFO     | get_historical_data:108 - Загружено 1000 свечей | Общее количество: 1770000 | Диапазон: 2023-05-15 02:27 - 2023-05-15 19:06
2025-08-18 18:10:16 | INFO     | get_historical_data:108 - Загружено 1000 свечей | Общее количество: 1775000 | Диапазон: 2023-05-18 13:47 - 2023-05-19 06:26
2025-08-18 18:10:18 | INFO     | get_historical_data:108 - Загружено 1000 свечей | Общее количество: 1780000 | Диапазон: 2023-05-22 01:07 - 2023-05-22 17:46
2025-08-18 18:10:20 | INFO     | get_historical_data:108 - Загружено 1000 свечей | Общее количество: 1785000 | Диапазон: 2023-05-25 12:27 - 2023-05-26 05:06
2025-08-18 18:10:22 | INFO     | get_historical_data:108 - Загружено 1000 свечей | Общее количество: 1790000 | Диапазон: 2023-05-28 23:47 - 2023-05-29 16:26
2025-08-18 18:10:24 | INFO     | get_historical_data:108 - Загружено 1000 свечей | Общее количество: 1795000 | Диапазон: 2023-06-01 11:07 - 2023-06-02 03:46
2025-08-18 18:10:27 | INFO     | get_historical_data:108 - Загружено 1000 свечей | Общее количество: 1800000 | Диапазон: 2023-06-04 22:27 - 2023-06-05 15:06
2025-08-18 18:10:29 | INFO     | get_historical_data:108 - Загружено 1000 свечей | Общее количество: 1805000 | Диапазон: 2023-06-08 09:47 - 2023-06-09 02:26
2025-08-18 18:10:31 | INFO     | get_historical_data:108 - Загружено 1000 свечей | Общее количество: 1810000 | Диапазон: 2023-06-11 21:07 - 2023-06-12 13:46
2025-08-18 18:10:33 | INFO     | get_historical_data:108 - Загружено 1000 свечей | Общее количество: 1815000 | Диапазон: 2023-06-15 08:27 - 2023-06-16 01:06
2025-08-18 18:10:35 | INFO     | get_historical_data:108 - Загружено 1000 свечей | Общее количество: 1820000 | Диапазон: 2023-06-18 19:47 - 2023-06-19 12:26
2025-08-18 18:10:37 | INFO     | get_historical_data:108 - Загружено 1000 свечей | Общее количество: 1825000 | Диапазон: 2023-06-22 07:07 - 2023-06-22 23:46
2025-08-18 18:10:40 | INFO     | get_historical_data:108 - Загружено 1000 свечей | Общее количество: 1830000 | Диапазон: 2023-06-25 18:27 - 2023-06-26 11:06
2025-08-18 18:10:42 | INFO     | get_historical_data:108 - Загружено 1000 свечей | Общее количество: 1835000 | Диапазон: 2023-06-29 05:47 - 2023-06-29 22:26
2025-08-18 18:10:44 | INFO     | get_historical_data:108 - Загружено 1000 свечей | Общее количество: 1840000 | Диапазон: 2023-07-02 17:07 - 2023-07-03 09:46
2025-08-18 18:10:46 | INFO     | get_historical_data:108 - Загружено 1000 свечей | Общее количество: 1845000 | Диапазон: 2023-07-06 04:27 - 2023-07-06 21:06
2025-08-18 18:10:48 | INFO     | get_historical_data:108 - Загружено 1000 свечей | Общее количество: 1850000 | Диапазон: 2023-07-09 15:47 - 2023-07-10 08:26
2025-08-18 18:10:50 | INFO     | get_historical_data:108 - Загружено 1000 свечей | Общее количество: 1855000 | Диапазон: 2023-07-13 03:07 - 2023-07-13 19:46
2025-08-18 18:10:53 | INFO     | get_historical_data:108 - Загружено 1000 свечей | Общее количество: 1860000 | Диапазон: 2023-07-16 14:27 - 2023-07-17 07:06
2025-08-18 18:10:55 | INFO     | get_historical_data:108 - Загружено 1000 свечей | Общее количество: 1865000 | Диапазон: 2023-07-20 01:47 - 2023-07-20 18:26
2025-08-18 18:10:57 | INFO     | get_historical_data:108 - Загружено 1000 свечей | Общее количество: 1870000 | Диапазон: 2023-07-23 13:07 - 2023-07-24 05:46
2025-08-18 18:10:59 | INFO     | get_historical_data:108 - Загружено 1000 свечей | Общее количество: 1875000 | Диапазон: 2023-07-27 00:27 - 2023-07-27 17:06
2025-08-18 18:11:01 | INFO     | get_historical_data:108 - Загружено 1000 свечей | Общее количество: 1880000 | Диапазон: 2023-07-30 11:47 - 2023-07-31 04:26
2025-08-18 18:11:03 | INFO     | get_historical_data:108 - Загружено 1000 свечей | Общее количество: 1885000 | Диапазон: 2023-08-02 23:07 - 2023-08-03 15:46
2025-08-18 18:11:06 | INFO     | get_historical_data:108 - Загружено 1000 свечей | Общее количество: 1890000 | Диапазон: 2023-08-06 10:27 - 2023-08-07 03:06
2025-08-18 18:11:08 | INFO     | get_historical_data:108 - Загружено 1000 свечей | Общее количество: 1895000 | Диапазон: 2023-08-09 21:47 - 2023-08-10 14:26
2025-08-18 18:11:10 | INFO     | get_historical_data:108 - Загружено 1000 свечей | Общее количество: 1900000 | Диапазон: 2023-08-13 09:07 - 2023-08-14 01:46
2025-08-18 18:11:12 | INFO     | get_historical_data:108 - Загружено 1000 свечей | Общее количество: 1905000 | Диапазон: 2023-08-16 20:27 - 2023-08-17 13:06
2025-08-18 18:11:14 | INFO     | get_historical_data:108 - Загружено 1000 свечей | Общее количество: 1910000 | Диапазон: 2023-08-20 07:47 - 2023-08-21 00:26
2025-08-18 18:11:16 | INFO     | get_historical_data:108 - Загружено 1000 свечей | Общее количество: 1915000 | Диапазон: 2023-08-23 19:07 - 2023-08-24 11:46
2025-08-18 18:11:18 | INFO     | get_historical_data:108 - Загружено 1000 свечей | Общее количество: 1920000 | Диапазон: 2023-08-27 06:27 - 2023-08-27 23:06
2025-08-18 18:11:21 | INFO     | get_historical_data:108 - Загружено 1000 свечей | Общее количество: 1925000 | Диапазон: 2023-08-30 17:47 - 2023-08-31 10:26
2025-08-18 18:11:23 | INFO     | get_historical_data:108 - Загружено 1000 свечей | Общее количество: 1930000 | Диапазон: 2023-09-03 05:07 - 2023-09-03 21:46
2025-08-18 18:11:25 | INFO     | get_historical_data:108 - Загружено 1000 свечей | Общее количество: 1935000 | Диапазон: 2023-09-06 16:27 - 2023-09-07 09:06
2025-08-18 18:11:27 | INFO     | get_historical_data:108 - Загружено 1000 свечей | Общее количество: 1940000 | Диапазон: 2023-09-10 03:47 - 2023-09-10 20:26
2025-08-18 18:11:29 | INFO     | get_historical_data:108 - Загружено 1000 свечей | Общее количество: 1945000 | Диапазон: 2023-09-13 15:07 - 2023-09-14 07:46
2025-08-18 18:11:32 | INFO     | get_historical_data:108 - Загружено 1000 свечей | Общее количество: 1950000 | Диапазон: 2023-09-17 02:27 - 2023-09-17 19:06
2025-08-18 18:11:34 | INFO     | get_historical_data:108 - Загружено 1000 свечей | Общее количество: 1955000 | Диапазон: 2023-09-20 13:47 - 2023-09-21 06:26
2025-08-18 18:11:36 | INFO     | get_historical_data:108 - Загружено 1000 свечей | Общее количество: 1960000 | Диапазон: 2023-09-24 01:07 - 2023-09-24 17:46
2025-08-18 18:11:38 | INFO     | get_historical_data:108 - Загружено 1000 свечей | Общее количество: 1965000 | Диапазон: 2023-09-27 12:27 - 2023-09-28 05:06
2025-08-18 18:11:40 | INFO     | get_historical_data:108 - Загружено 1000 свечей | Общее количество: 1970000 | Диапазон: 2023-09-30 23:47 - 2023-10-01 16:26
2025-08-18 18:11:42 | INFO     | get_historical_data:108 - Загружено 1000 свечей | Общее количество: 1975000 | Диапазон: 2023-10-04 11:07 - 2023-10-05 03:46
2025-08-18 18:11:44 | INFO     | get_historical_data:108 - Загружено 1000 свечей | Общее количество: 1980000 | Диапазон: 2023-10-07 22:27 - 2023-10-08 15:06
2025-08-18 18:11:47 | INFO     | get_historical_data:108 - Загружено 1000 свечей | Общее количество: 1985000 | Диапазон: 2023-10-11 09:47 - 2023-10-12 02:26
2025-08-18 18:11:49 | INFO     | get_historical_data:108 - Загружено 1000 свечей | Общее количество: 1990000 | Диапазон: 2023-10-14 21:07 - 2023-10-15 13:46
2025-08-18 18:11:51 | INFO     | get_historical_data:108 - Загружено 1000 свечей | Общее количество: 1995000 | Диапазон: 2023-10-18 08:27 - 2023-10-19 01:06
2025-08-18 18:11:53 | INFO     | get_historical_data:108 - Загружено 1000 свечей | Общее количество: 2000000 | Диапазон: 2023-10-21 19:47 - 2023-10-22 12:26
2025-08-18 18:11:55 | INFO     | get_historical_data:108 - Загружено 1000 свечей | Общее количество: 2005000 | Диапазон: 2023-10-25 07:07 - 2023-10-25 23:46
2025-08-18 18:11:57 | INFO     | get_historical_data:108 - Загружено 1000 свечей | Общее количество: 2010000 | Диапазон: 2023-10-28 18:27 - 2023-10-29 11:06
2025-08-18 18:11:59 | INFO     | get_historical_data:108 - Загружено 1000 свечей | Общее количество: 2015000 | Диапазон: 2023-11-01 05:47 - 2023-11-01 22:26
2025-08-18 18:12:02 | INFO     | get_historical_data:108 - Загружено 1000 свечей | Общее количество: 2020000 | Диапазон: 2023-11-04 17:07 - 2023-11-05 09:46
2025-08-18 18:12:04 | INFO     | get_historical_data:108 - Загружено 1000 свечей | Общее количество: 2025000 | Диапазон: 2023-11-08 04:27 - 2023-11-08 21:06
2025-08-18 18:12:06 | INFO     | get_historical_data:108 - Загружено 1000 свечей | Общее количество: 2030000 | Диапазон: 2023-11-11 15:47 - 2023-11-12 08:26
2025-08-18 18:12:08 | INFO     | get_historical_data:108 - Загружено 1000 свечей | Общее количество: 2035000 | Диапазон: 2023-11-15 03:07 - 2023-11-15 19:46
2025-08-18 18:12:10 | INFO     | get_historical_data:108 - Загружено 1000 свечей | Общее количество: 2040000 | Диапазон: 2023-11-18 14:27 - 2023-11-19 07:06
2025-08-18 18:12:12 | INFO     | get_historical_data:108 - Загружено 1000 свечей | Общее количество: 2045000 | Диапазон: 2023-11-22 01:47 - 2023-11-22 18:26
2025-08-18 18:12:15 | INFO     | get_historical_data:108 - Загружено 1000 свечей | Общее количество: 2050000 | Диапазон: 2023-11-25 13:07 - 2023-11-26 05:46
2025-08-18 18:12:17 | INFO     | get_historical_data:108 - Загружено 1000 свечей | Общее количество: 2055000 | Диапазон: 2023-11-29 00:27 - 2023-11-29 17:06
2025-08-18 18:12:19 | INFO     | get_historical_data:108 - Загружено 1000 свечей | Общее количество: 2060000 | Диапазон: 2023-12-02 11:47 - 2023-12-03 04:26
2025-08-18 18:12:21 | INFO     | get_historical_data:108 - Загружено 1000 свечей | Общее количество: 2065000 | Диапазон: 2023-12-05 23:07 - 2023-12-06 15:46
2025-08-18 18:12:23 | INFO     | get_historical_data:108 - Загружено 1000 свечей | Общее количество: 2070000 | Диапазон: 2023-12-09 10:27 - 2023-12-10 03:06
2025-08-18 18:12:25 | INFO     | get_historical_data:108 - Загружено 1000 свечей | Общее количество: 2075000 | Диапазон: 2023-12-12 21:47 - 2023-12-13 14:26
2025-08-18 18:12:28 | INFO     | get_historical_data:108 - Загружено 1000 свечей | Общее количество: 2080000 | Диапазон: 2023-12-16 09:07 - 2023-12-17 01:46
2025-08-18 18:12:30 | INFO     | get_historical_data:108 - Загружено 1000 свечей | Общее количество: 2085000 | Диапазон: 2023-12-19 20:27 - 2023-12-20 13:06
2025-08-18 18:12:32 | INFO     | get_historical_data:108 - Загружено 1000 свечей | Общее количество: 2090000 | Диапазон: 2023-12-23 07:47 - 2023-12-24 00:26
2025-08-18 18:12:34 | INFO     | get_historical_data:108 - Загружено 1000 свечей | Общее количество: 2095000 | Диапазон: 2023-12-26 19:07 - 2023-12-27 11:46
2025-08-18 18:12:37 | INFO     | get_historical_data:108 - Загружено 1000 свечей | Общее количество: 2100000 | Диапазон: 2023-12-30 06:27 - 2023-12-30 23:06
2025-08-18 18:12:39 | INFO     | get_historical_data:108 - Загружено 1000 свечей | Общее количество: 2105000 | Диапазон: 2024-01-02 17:47 - 2024-01-03 10:26
2025-08-18 18:12:41 | INFO     | get_historical_data:108 - Загружено 1000 свечей | Общее количество: 2110000 | Диапазон: 2024-01-06 05:07 - 2024-01-06 21:46
2025-08-18 18:12:43 | INFO     | get_historical_data:108 - Загружено 1000 свечей | Общее количество: 2115000 | Диапазон: 2024-01-09 16:27 - 2024-01-10 09:06
2025-08-18 18:12:46 | INFO     | get_historical_data:108 - Загружено 1000 свечей | Общее количество: 2120000 | Диапазон: 2024-01-13 03:47 - 2024-01-13 20:26
2025-08-18 18:12:48 | INFO     | get_historical_data:108 - Загружено 1000 свечей | Общее количество: 2125000 | Диапазон: 2024-01-16 15:07 - 2024-01-17 07:46
2025-08-18 18:12:50 | INFO     | get_historical_data:108 - Загружено 1000 свечей | Общее количество: 2130000 | Диапазон: 2024-01-20 02:27 - 2024-01-20 19:06
2025-08-18 18:12:52 | INFO     | get_historical_data:108 - Загружено 1000 свечей | Общее количество: 2135000 | Диапазон: 2024-01-23 13:47 - 2024-01-24 06:26
2025-08-18 18:12:54 | INFO     | get_historical_data:108 - Загружено 1000 свечей | Общее количество: 2140000 | Диапазон: 2024-01-27 01:07 - 2024-01-27 17:46
2025-08-18 18:12:57 | INFO     | get_historical_data:108 - Загружено 1000 свечей | Общее количество: 2145000 | Диапазон: 2024-01-30 12:27 - 2024-01-31 05:06
2025-08-18 18:12:59 | INFO     | get_historical_data:108 - Загружено 1000 свечей | Общее количество: 2150000 | Диапазон: 2024-02-02 23:47 - 2024-02-03 16:26
2025-08-18 18:13:01 | INFO     | get_historical_data:108 - Загружено 1000 свечей | Общее количество: 2155000 | Диапазон: 2024-02-06 11:07 - 2024-02-07 03:46
2025-08-18 18:13:03 | INFO     | get_historical_data:108 - Загружено 1000 свечей | Общее количество: 2160000 | Диапазон: 2024-02-09 22:27 - 2024-02-10 15:06
2025-08-18 18:13:05 | INFO     | get_historical_data:108 - Загружено 1000 свечей | Общее количество: 2165000 | Диапазон: 2024-02-13 09:47 - 2024-02-14 02:26
2025-08-18 18:13:07 | INFO     | get_historical_data:108 - Загружено 1000 свечей | Общее количество: 2170000 | Диапазон: 2024-02-16 21:07 - 2024-02-17 13:46
2025-08-18 18:13:10 | INFO     | get_historical_data:108 - Загружено 1000 свечей | Общее количество: 2175000 | Диапазон: 2024-02-20 08:27 - 2024-02-21 01:06
2025-08-18 18:13:12 | INFO     | get_historical_data:108 - Загружено 1000 свечей | Общее количество: 2180000 | Диапазон: 2024-02-23 19:47 - 2024-02-24 12:26
2025-08-18 18:13:14 | INFO     | get_historical_data:108 - Загружено 1000 свечей | Общее количество: 2185000 | Диапазон: 2024-02-27 07:07 - 2024-02-27 23:46
2025-08-18 18:13:16 | INFO     | get_historical_data:108 - Загружено 1000 свечей | Общее количество: 2190000 | Диапазон: 2024-03-01 18:27 - 2024-03-02 11:06
2025-08-18 18:13:18 | INFO     | get_historical_data:108 - Загружено 1000 свечей | Общее количество: 2195000 | Диапазон: 2024-03-05 05:47 - 2024-03-05 22:26
2025-08-18 18:13:20 | INFO     | get_historical_data:108 - Загружено 1000 свечей | Общее количество: 2200000 | Диапазон: 2024-03-08 17:07 - 2024-03-09 09:46
2025-08-18 18:13:23 | INFO     | get_historical_data:108 - Загружено 1000 свечей | Общее количество: 2205000 | Диапазон: 2024-03-12 04:27 - 2024-03-12 21:06
2025-08-18 18:13:25 | INFO     | get_historical_data:108 - Загружено 1000 свечей | Общее количество: 2210000 | Диапазон: 2024-03-15 15:47 - 2024-03-16 08:26
2025-08-18 18:13:27 | INFO     | get_historical_data:108 - Загружено 1000 свечей | Общее количество: 2215000 | Диапазон: 2024-03-19 03:07 - 2024-03-19 19:46
2025-08-18 18:13:29 | INFO     | get_historical_data:108 - Загружено 1000 свечей | Общее количество: 2220000 | Диапазон: 2024-03-22 14:27 - 2024-03-23 07:06
2025-08-18 18:13:31 | INFO     | get_historical_data:108 - Загружено 1000 свечей | Общее количество: 2225000 | Диапазон: 2024-03-26 01:47 - 2024-03-26 18:26
2025-08-18 18:13:34 | INFO     | get_historical_data:108 - Загружено 1000 свечей | Общее количество: 2230000 | Диапазон: 2024-03-29 13:07 - 2024-03-30 05:46
2025-08-18 18:13:37 | INFO     | get_historical_data:108 - Загружено 1000 свечей | Общее количество: 2235000 | Диапазон: 2024-04-02 00:27 - 2024-04-02 17:06
2025-08-18 18:13:39 | INFO     | get_historical_data:108 - Загружено 1000 свечей | Общее количество: 2240000 | Диапазон: 2024-04-05 11:47 - 2024-04-06 04:26
2025-08-18 18:13:42 | INFO     | get_historical_data:108 - Загружено 1000 свечей | Общее количество: 2245000 | Диапазон: 2024-04-08 23:07 - 2024-04-09 15:46
2025-08-18 18:13:44 | INFO     | get_historical_data:108 - Загружено 1000 свечей | Общее количество: 2250000 | Диапазон: 2024-04-12 10:27 - 2024-04-13 03:06
2025-08-18 18:13:46 | INFO     | get_historical_data:108 - Загружено 1000 свечей | Общее количество: 2255000 | Диапазон: 2024-04-15 21:47 - 2024-04-16 14:26
2025-08-18 18:13:48 | INFO     | get_historical_data:108 - Загружено 1000 свечей | Общее количество: 2260000 | Диапазон: 2024-04-19 09:07 - 2024-04-20 01:46
2025-08-18 18:13:50 | INFO     | get_historical_data:108 - Загружено 1000 свечей | Общее количество: 2265000 | Диапазон: 2024-04-22 20:27 - 2024-04-23 13:06
2025-08-18 18:13:52 | INFO     | get_historical_data:108 - Загружено 1000 свечей | Общее количество: 2270000 | Диапазон: 2024-04-26 07:47 - 2024-04-27 00:26
2025-08-18 18:13:54 | INFO     | get_historical_data:108 - Загружено 1000 свечей | Общее количество: 2275000 | Диапазон: 2024-04-29 19:07 - 2024-04-30 11:46
2025-08-18 18:13:57 | INFO     | get_historical_data:108 - Загружено 1000 свечей | Общее количество: 2280000 | Диапазон: 2024-05-03 06:27 - 2024-05-03 23:06
2025-08-18 18:13:59 | INFO     | get_historical_data:108 - Загружено 1000 свечей | Общее количество: 2285000 | Диапазон: 2024-05-06 17:47 - 2024-05-07 10:26
2025-08-18 18:14:01 | INFO     | get_historical_data:108 - Загружено 1000 свечей | Общее количество: 2290000 | Диапазон: 2024-05-10 05:07 - 2024-05-10 21:46
2025-08-18 18:14:03 | INFO     | get_historical_data:108 - Загружено 1000 свечей | Общее количество: 2295000 | Диапазон: 2024-05-13 16:27 - 2024-05-14 09:06
2025-08-18 18:14:05 | INFO     | get_historical_data:108 - Загружено 1000 свечей | Общее количество: 2300000 | Диапазон: 2024-05-17 03:47 - 2024-05-17 20:26
2025-08-18 18:14:07 | INFO     | get_historical_data:108 - Загружено 1000 свечей | Общее количество: 2305000 | Диапазон: 2024-05-20 15:07 - 2024-05-21 07:46
2025-08-18 18:14:10 | INFO     | get_historical_data:108 - Загружено 1000 свечей | Общее количество: 2310000 | Диапазон: 2024-05-24 02:27 - 2024-05-24 19:06
2025-08-18 18:14:12 | INFO     | get_historical_data:108 - Загружено 1000 свечей | Общее количество: 2315000 | Диапазон: 2024-05-27 13:47 - 2024-05-28 06:26
2025-08-18 18:14:14 | INFO     | get_historical_data:108 - Загружено 1000 свечей | Общее количество: 2320000 | Диапазон: 2024-05-31 01:07 - 2024-05-31 17:46
2025-08-18 18:14:16 | INFO     | get_historical_data:108 - Загружено 1000 свечей | Общее количество: 2325000 | Диапазон: 2024-06-03 12:27 - 2024-06-04 05:06
2025-08-18 18:14:18 | INFO     | get_historical_data:108 - Загружено 1000 свечей | Общее количество: 2330000 | Диапазон: 2024-06-06 23:47 - 2024-06-07 16:26
2025-08-18 18:14:20 | INFO     | get_historical_data:108 - Загружено 1000 свечей | Общее количество: 2335000 | Диапазон: 2024-06-10 11:07 - 2024-06-11 03:46
2025-08-18 18:14:23 | INFO     | get_historical_data:108 - Загружено 1000 свечей | Общее количество: 2340000 | Диапазон: 2024-06-13 22:27 - 2024-06-14 15:06
2025-08-18 18:14:25 | INFO     | get_historical_data:108 - Загружено 1000 свечей | Общее количество: 2345000 | Диапазон: 2024-06-17 09:47 - 2024-06-18 02:26
2025-08-18 18:14:27 | INFO     | get_historical_data:108 - Загружено 1000 свечей | Общее количество: 2350000 | Диапазон: 2024-06-20 21:07 - 2024-06-21 13:46
2025-08-18 18:14:29 | INFO     | get_historical_data:108 - Загружено 1000 свечей | Общее количество: 2355000 | Диапазон: 2024-06-24 08:27 - 2024-06-25 01:06
2025-08-18 18:14:31 | INFO     | get_historical_data:108 - Загружено 1000 свечей | Общее количество: 2360000 | Диапазон: 2024-06-27 19:47 - 2024-06-28 12:26
2025-08-18 18:14:33 | INFO     | get_historical_data:108 - Загружено 1000 свечей | Общее количество: 2365000 | Диапазон: 2024-07-01 07:07 - 2024-07-01 23:46
2025-08-18 18:14:36 | INFO     | get_historical_data:108 - Загружено 1000 свечей | Общее количество: 2370000 | Диапазон: 2024-07-04 18:27 - 2024-07-05 11:06
2025-08-18 18:14:38 | INFO     | get_historical_data:108 - Загружено 1000 свечей | Общее количество: 2375000 | Диапазон: 2024-07-08 05:47 - 2024-07-08 22:26
2025-08-18 18:14:40 | INFO     | get_historical_data:108 - Загружено 1000 свечей | Общее количество: 2380000 | Диапазон: 2024-07-11 17:07 - 2024-07-12 09:46
2025-08-18 18:14:42 | INFO     | get_historical_data:108 - Загружено 1000 свечей | Общее количество: 2385000 | Диапазон: 2024-07-15 04:27 - 2024-07-15 21:06
2025-08-18 18:14:44 | INFO     | get_historical_data:108 - Загружено 1000 свечей | Общее количество: 2390000 | Диапазон: 2024-07-18 15:47 - 2024-07-19 08:26
2025-08-18 18:14:47 | INFO     | get_historical_data:108 - Загружено 1000 свечей | Общее количество: 2395000 | Диапазон: 2024-07-22 03:07 - 2024-07-22 19:46
2025-08-18 18:14:49 | INFO     | get_historical_data:108 - Загружено 1000 свечей | Общее количество: 2400000 | Диапазон: 2024-07-25 14:27 - 2024-07-26 07:06
2025-08-18 18:14:51 | INFO     | get_historical_data:108 - Загружено 1000 свечей | Общее количество: 2405000 | Диапазон: 2024-07-29 01:47 - 2024-07-29 18:26
2025-08-18 18:14:53 | INFO     | get_historical_data:108 - Загружено 1000 свечей | Общее количество: 2410000 | Диапазон: 2024-08-01 13:07 - 2024-08-02 05:46
2025-08-18 18:14:55 | INFO     | get_historical_data:108 - Загружено 1000 свечей | Общее количество: 2415000 | Диапазон: 2024-08-05 00:27 - 2024-08-05 17:06
2025-08-18 18:14:57 | INFO     | get_historical_data:108 - Загружено 1000 свечей | Общее количество: 2420000 | Диапазон: 2024-08-08 11:47 - 2024-08-09 04:26
2025-08-18 18:15:00 | INFO     | get_historical_data:108 - Загружено 1000 свечей | Общее количество: 2425000 | Диапазон: 2024-08-11 23:07 - 2024-08-12 15:46
2025-08-18 18:15:02 | INFO     | get_historical_data:108 - Загружено 1000 свечей | Общее количество: 2430000 | Диапазон: 2024-08-15 10:27 - 2024-08-16 03:06
2025-08-18 18:15:04 | INFO     | get_historical_data:108 - Загружено 1000 свечей | Общее количество: 2435000 | Диапазон: 2024-08-18 21:47 - 2024-08-19 14:26
2025-08-18 18:15:06 | INFO     | get_historical_data:108 - Загружено 1000 свечей | Общее количество: 2440000 | Диапазон: 2024-08-22 09:07 - 2024-08-23 01:46
2025-08-18 18:15:09 | INFO     | get_historical_data:108 - Загружено 1000 свечей | Общее количество: 2445000 | Диапазон: 2024-08-25 20:27 - 2024-08-26 13:06
2025-08-18 18:15:11 | INFO     | get_historical_data:108 - Загружено 1000 свечей | Общее количество: 2450000 | Диапазон: 2024-08-29 07:47 - 2024-08-30 00:26
2025-08-18 18:15:13 | INFO     | get_historical_data:108 - Загружено 1000 свечей | Общее количество: 2455000 | Диапазон: 2024-09-01 19:07 - 2024-09-02 11:46
2025-08-18 18:15:15 | INFO     | get_historical_data:108 - Загружено 1000 свечей | Общее количество: 2460000 | Диапазон: 2024-09-05 06:27 - 2024-09-05 23:06
2025-08-18 18:15:17 | INFO     | get_historical_data:108 - Загружено 1000 свечей | Общее количество: 2465000 | Диапазон: 2024-09-08 17:47 - 2024-09-09 10:26
2025-08-18 18:15:20 | INFO     | get_historical_data:108 - Загружено 1000 свечей | Общее количество: 2470000 | Диапазон: 2024-09-12 05:07 - 2024-09-12 21:46
2025-08-18 18:15:22 | INFO     | get_historical_data:108 - Загружено 1000 свечей | Общее количество: 2475000 | Диапазон: 2024-09-15 16:27 - 2024-09-16 09:06
2025-08-18 18:15:24 | INFO     | get_historical_data:108 - Загружено 1000 свечей | Общее количество: 2480000 | Диапазон: 2024-09-19 03:47 - 2024-09-19 20:26
2025-08-18 18:15:26 | INFO     | get_historical_data:108 - Загружено 1000 свечей | Общее количество: 2485000 | Диапазон: 2024-09-22 15:07 - 2024-09-23 07:46
2025-08-18 18:15:28 | INFO     | get_historical_data:108 - Загружено 1000 свечей | Общее количество: 2490000 | Диапазон: 2024-09-26 02:27 - 2024-09-26 19:06
2025-08-18 18:15:30 | INFO     | get_historical_data:108 - Загружено 1000 свечей | Общее количество: 2495000 | Диапазон: 2024-09-29 13:47 - 2024-09-30 06:26
2025-08-18 18:15:32 | INFO     | get_historical_data:108 - Загружено 1000 свечей | Общее количество: 2500000 | Диапазон: 2024-10-03 01:07 - 2024-10-03 17:46
2025-08-18 18:15:35 | INFO     | get_historical_data:108 - Загружено 1000 свечей | Общее количество: 2505000 | Диапазон: 2024-10-06 12:27 - 2024-10-07 05:06
2025-08-18 18:15:37 | INFO     | get_historical_data:108 - Загружено 1000 свечей | Общее количество: 2510000 | Диапазон: 2024-10-09 23:47 - 2024-10-10 16:26
2025-08-18 18:15:39 | INFO     | get_historical_data:108 - Загружено 1000 свечей | Общее количество: 2515000 | Диапазон: 2024-10-13 11:07 - 2024-10-14 03:46
2025-08-18 18:15:41 | INFO     | get_historical_data:108 - Загружено 1000 свечей | Общее количество: 2520000 | Диапазон: 2024-10-16 22:27 - 2024-10-17 15:06
2025-08-18 18:15:43 | INFO     | get_historical_data:108 - Загружено 1000 свечей | Общее количество: 2525000 | Диапазон: 2024-10-20 09:47 - 2024-10-21 02:26
2025-08-18 18:15:45 | INFO     | get_historical_data:108 - Загружено 1000 свечей | Общее количество: 2530000 | Диапазон: 2024-10-23 21:07 - 2024-10-24 13:46
2025-08-18 18:15:47 | INFO     | get_historical_data:108 - Загружено 1000 свечей | Общее количество: 2535000 | Диапазон: 2024-10-27 08:27 - 2024-10-28 01:06
2025-08-18 18:15:50 | INFO     | get_historical_data:108 - Загружено 1000 свечей | Общее количество: 2540000 | Диапазон: 2024-10-30 19:47 - 2024-10-31 12:26
2025-08-18 18:15:52 | INFO     | get_historical_data:108 - Загружено 1000 свечей | Общее количество: 2545000 | Диапазон: 2024-11-03 07:07 - 2024-11-03 23:46
2025-08-18 18:15:54 | INFO     | get_historical_data:108 - Загружено 1000 свечей | Общее количество: 2550000 | Диапазон: 2024-11-06 18:27 - 2024-11-07 11:06
2025-08-18 18:15:56 | INFO     | get_historical_data:108 - Загружено 1000 свечей | Общее количество: 2555000 | Диапазон: 2024-11-10 05:47 - 2024-11-10 22:26
2025-08-18 18:15:59 | INFO     | get_historical_data:108 - Загружено 1000 свечей | Общее количество: 2560000 | Диапазон: 2024-11-13 17:07 - 2024-11-14 09:46
2025-08-18 18:16:01 | INFO     | get_historical_data:108 - Загружено 1000 свечей | Общее количество: 2565000 | Диапазон: 2024-11-17 04:27 - 2024-11-17 21:06
2025-08-18 18:16:03 | INFO     | get_historical_data:108 - Загружено 1000 свечей | Общее количество: 2570000 | Диапазон: 2024-11-20 15:47 - 2024-11-21 08:26
2025-08-18 18:16:05 | INFO     | get_historical_data:108 - Загружено 1000 свечей | Общее количество: 2575000 | Диапазон: 2024-11-24 03:07 - 2024-11-24 19:46
2025-08-18 18:16:07 | INFO     | get_historical_data:108 - Загружено 1000 свечей | Общее количество: 2580000 | Диапазон: 2024-11-27 14:27 - 2024-11-28 07:06
2025-08-18 18:16:09 | INFO     | get_historical_data:108 - Загружено 1000 свечей | Общее количество: 2585000 | Диапазон: 2024-12-01 01:47 - 2024-12-01 18:26
2025-08-18 18:16:12 | INFO     | get_historical_data:108 - Загружено 1000 свечей | Общее количество: 2590000 | Диапазон: 2024-12-04 13:07 - 2024-12-05 05:46
2025-08-18 18:16:14 | INFO     | get_historical_data:108 - Загружено 1000 свечей | Общее количество: 2595000 | Диапазон: 2024-12-08 00:27 - 2024-12-08 17:06
2025-08-18 18:16:16 | INFO     | get_historical_data:108 - Загружено 1000 свечей | Общее количество: 2600000 | Диапазон: 2024-12-11 11:47 - 2024-12-12 04:26
2025-08-18 18:16:19 | INFO     | get_historical_data:108 - Загружено 1000 свечей | Общее количество: 2605000 | Диапазон: 2024-12-14 23:07 - 2024-12-15 15:46
2025-08-18 18:16:21 | INFO     | get_historical_data:108 - Загружено 1000 свечей | Общее количество: 2610000 | Диапазон: 2024-12-18 10:27 - 2024-12-19 03:06
2025-08-18 18:16:23 | INFO     | get_historical_data:108 - Загружено 1000 свечей | Общее количество: 2615000 | Диапазон: 2024-12-21 21:47 - 2024-12-22 14:26
2025-08-18 18:16:25 | INFO     | get_historical_data:108 - Загружено 1000 свечей | Общее количество: 2620000 | Диапазон: 2024-12-25 09:07 - 2024-12-26 01:46
2025-08-18 18:16:28 | INFO     | get_historical_data:108 - Загружено 1000 свечей | Общее количество: 2625000 | Диапазон: 2024-12-28 20:27 - 2024-12-29 13:06
2025-08-18 18:16:30 | INFO     | get_historical_data:108 - Загружено 1000 свечей | Общее количество: 2630000 | Диапазон: 2025-01-01 07:47 - 2025-01-02 00:26
2025-08-18 18:16:32 | INFO     | get_historical_data:108 - Загружено 1000 свечей | Общее количество: 2635000 | Диапазон: 2025-01-04 19:07 - 2025-01-05 11:46
2025-08-18 18:16:34 | INFO     | get_historical_data:108 - Загружено 1000 свечей | Общее количество: 2640000 | Диапазон: 2025-01-08 06:27 - 2025-01-08 23:06
2025-08-18 18:16:36 | INFO     | get_historical_data:108 - Загружено 1000 свечей | Общее количество: 2645000 | Диапазон: 2025-01-11 17:47 - 2025-01-12 10:26
2025-08-18 18:16:39 | INFO     | get_historical_data:108 - Загружено 1000 свечей | Общее количество: 2650000 | Диапазон: 2025-01-15 05:07 - 2025-01-15 21:46
2025-08-18 18:16:41 | INFO     | get_historical_data:108 - Загружено 1000 свечей | Общее количество: 2655000 | Диапазон: 2025-01-18 16:27 - 2025-01-19 09:06
2025-08-18 18:16:43 | INFO     | get_historical_data:108 - Загружено 1000 свечей | Общее количество: 2660000 | Диапазон: 2025-01-22 03:47 - 2025-01-22 20:26
2025-08-18 18:16:45 | INFO     | get_historical_data:108 - Загружено 1000 свечей | Общее количество: 2665000 | Диапазон: 2025-01-25 15:07 - 2025-01-26 07:46
2025-08-18 18:16:48 | INFO     | get_historical_data:108 - Загружено 1000 свечей | Общее количество: 2670000 | Диапазон: 2025-01-29 02:27 - 2025-01-29 19:06
2025-08-18 18:16:50 | INFO     | get_historical_data:108 - Загружено 1000 свечей | Общее количество: 2675000 | Диапазон: 2025-02-01 13:47 - 2025-02-02 06:26
2025-08-18 18:16:52 | INFO     | get_historical_data:108 - Загружено 1000 свечей | Общее количество: 2680000 | Диапазон: 2025-02-05 01:07 - 2025-02-05 17:46
2025-08-18 18:16:54 | INFO     | get_historical_data:108 - Загружено 1000 свечей | Общее количество: 2685000 | Диапазон: 2025-02-08 12:27 - 2025-02-09 05:06
2025-08-18 18:16:56 | INFO     | get_historical_data:108 - Загружено 1000 свечей | Общее количество: 2690000 | Диапазон: 2025-02-11 23:47 - 2025-02-12 16:26
2025-08-18 18:16:59 | INFO     | get_historical_data:108 - Загружено 1000 свечей | Общее количество: 2695000 | Диапазон: 2025-02-15 11:07 - 2025-02-16 03:46
2025-08-18 18:17:01 | INFO     | get_historical_data:108 - Загружено 1000 свечей | Общее количество: 2700000 | Диапазон: 2025-02-18 22:27 - 2025-02-19 15:06
2025-08-18 18:17:04 | INFO     | get_historical_data:108 - Загружено 1000 свечей | Общее количество: 2705000 | Диапазон: 2025-02-22 09:47 - 2025-02-23 02:26
2025-08-18 18:17:06 | INFO     | get_historical_data:108 - Загружено 1000 свечей | Общее количество: 2710000 | Диапазон: 2025-02-25 21:07 - 2025-02-26 13:46
2025-08-18 18:17:08 | INFO     | get_historical_data:108 - Загружено 1000 свечей | Общее количество: 2715000 | Диапазон: 2025-03-01 08:27 - 2025-03-02 01:06
2025-08-18 18:17:10 | INFO     | get_historical_data:108 - Загружено 1000 свечей | Общее количество: 2720000 | Диапазон: 2025-03-04 19:47 - 2025-03-05 12:26
2025-08-18 18:17:12 | INFO     | get_historical_data:108 - Загружено 1000 свечей | Общее количество: 2725000 | Диапазон: 2025-03-08 07:07 - 2025-03-08 23:46
2025-08-18 18:17:15 | INFO     | get_historical_data:108 - Загружено 1000 свечей | Общее количество: 2730000 | Диапазон: 2025-03-11 18:27 - 2025-03-12 11:06
2025-08-18 18:17:17 | INFO     | get_historical_data:108 - Загружено 1000 свечей | Общее количество: 2735000 | Диапазон: 2025-03-15 05:47 - 2025-03-15 22:26
2025-08-18 18:17:19 | INFO     | get_historical_data:108 - Загружено 1000 свечей | Общее количество: 2740000 | Диапазон: 2025-03-18 17:07 - 2025-03-19 09:46
2025-08-18 18:17:21 | INFO     | get_historical_data:108 - Загружено 1000 свечей | Общее количество: 2745000 | Диапазон: 2025-03-22 04:27 - 2025-03-22 21:06
2025-08-18 18:17:23 | INFO     | get_historical_data:108 - Загружено 1000 свечей | Общее количество: 2750000 | Диапазон: 2025-03-25 15:47 - 2025-03-26 08:26
2025-08-18 18:17:25 | INFO     | get_historical_data:108 - Загружено 1000 свечей | Общее количество: 2755000 | Диапазон: 2025-03-29 03:07 - 2025-03-29 19:46
2025-08-18 18:17:28 | INFO     | get_historical_data:108 - Загружено 1000 свечей | Общее количество: 2760000 | Диапазон: 2025-04-01 14:27 - 2025-04-02 07:06
2025-08-18 18:17:30 | INFO     | get_historical_data:108 - Загружено 1000 свечей | Общее количество: 2765000 | Диапазон: 2025-04-05 01:47 - 2025-04-05 18:26
2025-08-18 18:17:32 | INFO     | get_historical_data:108 - Загружено 1000 свечей | Общее количество: 2770000 | Диапазон: 2025-04-08 13:07 - 2025-04-09 05:46
2025-08-18 18:17:34 | INFO     | get_historical_data:108 - Загружено 1000 свечей | Общее количество: 2775000 | Диапазон: 2025-04-12 00:27 - 2025-04-12 17:06
2025-08-18 18:17:36 | INFO     | get_historical_data:108 - Загружено 1000 свечей | Общее количество: 2780000 | Диапазон: 2025-04-15 11:47 - 2025-04-16 04:26
2025-08-18 18:17:39 | INFO     | get_historical_data:108 - Загружено 1000 свечей | Общее количество: 2785000 | Диапазон: 2025-04-18 23:07 - 2025-04-19 15:46
2025-08-18 18:17:41 | INFO     | get_historical_data:108 - Загружено 1000 свечей | Общее количество: 2790000 | Диапазон: 2025-04-22 10:27 - 2025-04-23 03:06
2025-08-18 18:17:44 | INFO     | get_historical_data:108 - Загружено 1000 свечей | Общее количество: 2795000 | Диапазон: 2025-04-25 21:47 - 2025-04-26 14:26
2025-08-18 18:17:46 | INFO     | get_historical_data:108 - Загружено 1000 свечей | Общее количество: 2800000 | Диапазон: 2025-04-29 09:07 - 2025-04-30 01:46
2025-08-18 18:17:48 | INFO     | get_historical_data:108 - Загружено 1000 свечей | Общее количество: 2805000 | Диапазон: 2025-05-02 20:27 - 2025-05-03 13:06
2025-08-18 18:17:50 | INFO     | get_historical_data:108 - Загружено 1000 свечей | Общее количество: 2810000 | Диапазон: 2025-05-06 07:47 - 2025-05-07 00:26
2025-08-18 18:17:52 | INFO     | get_historical_data:108 - Загружено 1000 свечей | Общее количество: 2815000 | Диапазон: 2025-05-09 19:07 - 2025-05-10 11:46
2025-08-18 18:17:55 | INFO     | get_historical_data:108 - Загружено 1000 свечей | Общее количество: 2820000 | Диапазон: 2025-05-13 06:27 - 2025-05-13 23:06
2025-08-18 18:17:58 | INFO     | get_historical_data:108 - Загружено 1000 свечей | Общее количество: 2825000 | Диапазон: 2025-05-16 17:47 - 2025-05-17 10:26
2025-08-18 18:18:00 | INFO     | get_historical_data:108 - Загружено 1000 свечей | Общее количество: 2830000 | Диапазон: 2025-05-20 05:07 - 2025-05-20 21:46
2025-08-18 18:18:02 | INFO     | get_historical_data:108 - Загружено 1000 свечей | Общее количество: 2835000 | Диапазон: 2025-05-23 16:27 - 2025-05-24 09:06
2025-08-18 18:18:04 | INFO     | get_historical_data:108 - Загружено 1000 свечей | Общее количество: 2840000 | Диапазон: 2025-05-27 03:47 - 2025-05-27 20:26
2025-08-18 18:18:07 | INFO     | get_historical_data:108 - Загружено 1000 свечей | Общее количество: 2845000 | Диапазон: 2025-05-30 15:07 - 2025-05-31 07:46
2025-08-18 18:18:09 | INFO     | get_historical_data:108 - Загружено 1000 свечей | Общее количество: 2850000 | Диапазон: 2025-06-03 02:27 - 2025-06-03 19:06
2025-08-18 18:18:11 | INFO     | get_historical_data:108 - Загружено 1000 свечей | Общее количество: 2855000 | Диапазон: 2025-06-06 13:47 - 2025-06-07 06:26
2025-08-18 18:18:13 | INFO     | get_historical_data:108 - Загружено 1000 свечей | Общее количество: 2860000 | Диапазон: 2025-06-10 01:07 - 2025-06-10 17:46
2025-08-18 18:18:15 | INFO     | get_historical_data:108 - Загружено 1000 свечей | Общее количество: 2865000 | Диапазон: 2025-06-13 12:27 - 2025-06-14 05:06
2025-08-18 18:18:17 | INFO     | get_historical_data:108 - Загружено 1000 свечей | Общее количество: 2870000 | Диапазон: 2025-06-16 23:47 - 2025-06-17 16:26
2025-08-18 18:18:19 | INFO     | get_historical_data:108 - Загружено 1000 свечей | Общее количество: 2875000 | Диапазон: 2025-06-20 11:07 - 2025-06-21 03:46
2025-08-18 18:18:22 | INFO     | get_historical_data:108 - Загружено 1000 свечей | Общее количество: 2880000 | Диапазон: 2025-06-23 22:27 - 2025-06-24 15:06
2025-08-18 18:18:24 | INFO     | get_historical_data:108 - Загружено 1000 свечей | Общее количество: 2885000 | Диапазон: 2025-06-27 09:47 - 2025-06-28 02:26
2025-08-18 18:18:26 | INFO     | get_historical_data:108 - Загружено 1000 свечей | Общее количество: 2890000 | Диапазон: 2025-06-30 21:07 - 2025-07-01 13:46
2025-08-18 18:18:28 | INFO     | get_historical_data:108 - Загружено 1000 свечей | Общее количество: 2895000 | Диапазон: 2025-07-04 08:27 - 2025-07-05 01:06
2025-08-18 18:18:30 | INFO     | get_historical_data:108 - Загружено 1000 свечей | Общее количество: 2900000 | Диапазон: 2025-07-07 19:47 - 2025-07-08 12:26
2025-08-18 18:18:33 | INFO     | get_historical_data:108 - Загружено 1000 свечей | Общее количество: 2905000 | Диапазон: 2025-07-11 07:07 - 2025-07-11 23:46
2025-08-18 18:18:35 | INFO     | get_historical_data:108 - Загружено 1000 свечей | Общее количество: 2910000 | Диапазон: 2025-07-14 18:27 - 2025-07-15 11:06
2025-08-18 18:18:37 | INFO     | get_historical_data:108 - Загружено 1000 свечей | Общее количество: 2915000 | Диапазон: 2025-07-18 05:47 - 2025-07-18 22:26
2025-08-18 18:18:39 | INFO     | get_historical_data:108 - Загружено 1000 свечей | Общее количество: 2920000 | Диапазон: 2025-07-21 17:07 - 2025-07-22 09:46
2025-08-18 18:18:41 | INFO     | get_historical_data:108 - Загружено 1000 свечей | Общее количество: 2925000 | Диапазон: 2025-07-25 04:27 - 2025-07-25 21:06
2025-08-18 18:18:43 | INFO     | get_historical_data:108 - Загружено 1000 свечей | Общее количество: 2930000 | Диапазон: 2025-07-28 15:47 - 2025-07-29 08:26
2025-08-18 18:18:46 | INFO     | get_historical_data:108 - Загружено 1000 свечей | Общее количество: 2935000 | Диапазон: 2025-08-01 03:07 - 2025-08-01 19:46
2025-08-18 18:18:48 | INFO     | get_historical_data:108 - Загружено 1000 свечей | Общее количество: 2940000 | Диапазон: 2025-08-04 14:27 - 2025-08-05 07:06
2025-08-18 18:18:50 | INFO     | get_historical_data:108 - Загружено 1000 свечей | Общее количество: 2945000 | Диапазон: 2025-08-08 01:47 - 2025-08-08 18:26
2025-08-18 18:18:52 | INFO     | get_historical_data:108 - Загружено 1000 свечей | Общее количество: 2950000 | Диапазон: 2025-08-11 13:07 - 2025-08-12 05:46
2025-08-18 18:18:55 | INFO     | get_historical_data:108 - Загружено 1000 свечей | Общее количество: 2955000 | Диапазон: 2025-08-15 00:27 - 2025-08-15 17:06
2025-08-18 18:18:55 | INFO     | get_historical_data:108 - Загружено 854 свечей | Общее количество: 2956854 | Диапазон: 2025-08-16 09:47 - 2025-08-17 00:00
2025-08-18 18:18:55 | SUCCESS  | get_historical_data:121 - Завершено! Всего получено 2956854 свечей за 2957 запросов
2025-08-18 18:21:15 | INFO     | get_historical_data:150 - Статистика данных: 2956854 свечей за 2055 дней
2025-08-18 18:21:34 | SUCCESS  | save_to_csv:180 - Данные успешно сохранены в data.csv
2025-08-18 18:21:34 | INFO     | save_to_csv:181 - Размер файла: 238.37 MB | Строк: 2956854
2025-08-18 18:21:34 | SUCCESS  | main:211 - ПРОЦЕСС ЗАВЕРШЕН УСПЕШНО!
2025-08-18 18:21:34 | INFO     | main:212 - Время выполнения: 1433.97 секунд
2025-08-18 18:21:34 | INFO     | main:213 - Средняя скорость: 2062.00 свечей/сек
