2025-08-14 19:43:19 | INFO     | <module>:201 - Запуск Financial Data Preprocessor
2025-08-14 19:43:19 | INFO     | process_dataset:131 - Начало обработки данных из data.csv
2025-08-14 19:43:19 | INFO     | process_dataset:136 - Загрузка данных из CSV
2025-08-14 19:43:22 | DEBUG    | validate_data:42 - Начало валидации данных
2025-08-14 19:43:23 | SUCCESS  | validate_data:67 - Валидация данных завершена успешно
2025-08-14 19:43:23 | INFO     | process_dataset:143 - Преобразование и сортировка данных
2025-08-14 19:43:24 | INFO     | process_dataset:146 - Загружено 3208531 записей с 2019-07-05 12:00:00 по 2025-08-12 19:00:00
2025-08-14 19:43:24 | DEBUG    | process_dataset:150 - Минимальный интервал данных: 0 days 00:01:00
2025-08-14 19:43:24 | INFO     | process_dataset:153 - Разделение данных на наборы
2025-08-14 19:43:24 | WARNING  | process_dataset:161 - Сумма процентов (1.45) не равна 1.0, корректировка
2025-08-14 19:43:24 | INFO     | process_dataset:172 - train: 51.7% (1659585 записей) [1659585/3208531]
2025-08-14 19:43:24 | INFO     | process_dataset:172 - val: 34.5% (1106390 записей) [2765975/3208531]
2025-08-14 19:43:24 | INFO     | process_dataset:172 - test: 6.9% (221278 записей) [2987253/3208531]
2025-08-14 19:43:24 | INFO     | process_dataset:172 - backtest: 6.9% (221278 записей) [3208531/3208531]
2025-08-14 19:43:24 | INFO     | process_dataset:179 - Обработка набора 'train'
2025-08-14 19:43:24 | INFO     | create_windows:73 - Создание окон для train (размер окна: 150)
2025-08-14 19:43:24 | DEBUG    | create_windows:91 - Прогресс создания окон: 0.0% (1/1659436)
2025-08-14 19:44:05 | DEBUG    | create_windows:91 - Прогресс создания окон: 10.0% (165944/1659436)
2025-08-14 19:44:49 | DEBUG    | create_windows:91 - Прогресс создания окон: 20.0% (331887/1659436)
2025-08-14 19:45:34 | DEBUG    | create_windows:91 - Прогресс создания окон: 30.0% (497830/1659436)
2025-08-14 19:46:23 | DEBUG    | create_windows:91 - Прогресс создания окон: 40.0% (663773/1659436)
2025-08-14 19:47:10 | DEBUG    | create_windows:91 - Прогресс создания окон: 50.0% (829716/1659436)
2025-08-14 19:47:54 | DEBUG    | create_windows:91 - Прогресс создания окон: 60.0% (995659/1659436)
2025-08-14 19:48:38 | DEBUG    | create_windows:91 - Прогресс создания окон: 70.0% (1161602/1659436)
2025-08-14 19:49:23 | DEBUG    | create_windows:91 - Прогресс создания окон: 80.0% (1327545/1659436)
2025-08-14 19:50:07 | DEBUG    | create_windows:91 - Прогресс создания окон: 90.0% (1493488/1659436)
2025-08-14 19:50:53 | DEBUG    | create_windows:91 - Прогресс создания окон: 100.0% (1659431/1659436)
2025-08-14 19:50:53 | SUCCESS  | create_windows:102 - Создано 1659436 окон за 448.51 секунд
2025-08-14 19:50:53 | INFO     | save_npz:108 - Сохранение 1659436 окон в train_data.npz
2025-08-14 19:50:53 | DEBUG    | save_npz:117 - Формат данных: (150, 7) (пример для окна 0)
2025-08-14 20:00:59 | SUCCESS  | save_npz:126 - Файл сохранен: train_data.npz (5273.23 MB, 605.36 сек)
2025-08-14 20:00:59 | INFO     | process_dataset:179 - Обработка набора 'val'
2025-08-14 20:00:59 | INFO     | create_windows:73 - Создание окон для val (размер окна: 150)
2025-08-14 20:00:59 | DEBUG    | create_windows:91 - Прогресс создания окон: 0.0% (1/1106241)
2025-08-14 20:01:29 | DEBUG    | create_windows:91 - Прогресс создания окон: 10.0% (110625/1106241)
2025-08-14 20:01:58 | DEBUG    | create_windows:91 - Прогресс создания окон: 20.0% (221249/1106241)
2025-08-14 20:02:27 | DEBUG    | create_windows:91 - Прогресс создания окон: 30.0% (331873/1106241)
2025-08-14 20:02:57 | DEBUG    | create_windows:91 - Прогресс создания окон: 40.0% (442497/1106241)
2025-08-14 20:03:27 | DEBUG    | create_windows:91 - Прогресс создания окон: 50.0% (553121/1106241)
2025-08-14 20:03:56 | DEBUG    | create_windows:91 - Прогресс создания окон: 60.0% (663745/1106241)
2025-08-14 20:04:25 | DEBUG    | create_windows:91 - Прогресс создания окон: 70.0% (774369/1106241)
2025-08-14 20:04:56 | DEBUG    | create_windows:91 - Прогресс создания окон: 80.0% (884993/1106241)
2025-08-14 20:05:30 | DEBUG    | create_windows:91 - Прогресс создания окон: 90.0% (995617/1106241)
2025-08-14 20:06:01 | DEBUG    | create_windows:91 - Прогресс создания окон: 100.0% (1106241/1106241)
2025-08-14 20:06:01 | SUCCESS  | create_windows:102 - Создано 1106241 окон за 301.89 секунд
2025-08-14 20:07:04 | INFO     | save_npz:108 - Сохранение 1106241 окон в val_data.npz
2025-08-14 20:07:04 | DEBUG    | save_npz:117 - Формат данных: (150, 7) (пример для окна 0)
2025-08-14 20:16:55 | SUCCESS  | save_npz:126 - Файл сохранен: val_data.npz (4044.14 MB, 591.04 сек)
2025-08-14 20:16:55 | INFO     | process_dataset:179 - Обработка набора 'test'
2025-08-14 20:16:55 | INFO     | create_windows:73 - Создание окон для test (размер окна: 150)
2025-08-14 20:16:55 | DEBUG    | create_windows:91 - Прогресс создания окон: 0.0% (1/221129)
2025-08-14 20:17:04 | DEBUG    | create_windows:91 - Прогресс создания окон: 10.0% (22113/221129)
2025-08-14 20:17:12 | DEBUG    | create_windows:91 - Прогресс создания окон: 20.0% (44225/221129)
2025-08-14 20:17:19 | DEBUG    | create_windows:91 - Прогресс создания окон: 30.0% (66337/221129)
2025-08-14 20:17:26 | DEBUG    | create_windows:91 - Прогресс создания окон: 40.0% (88449/221129)
2025-08-14 20:17:33 | DEBUG    | create_windows:91 - Прогресс создания окон: 50.0% (110561/221129)
2025-08-14 20:17:40 | DEBUG    | create_windows:91 - Прогресс создания окон: 60.0% (132673/221129)
2025-08-14 20:17:47 | DEBUG    | create_windows:91 - Прогресс создания окон: 70.0% (154785/221129)
2025-08-14 20:17:55 | DEBUG    | create_windows:91 - Прогресс создания окон: 80.0% (176897/221129)
2025-08-14 20:18:02 | DEBUG    | create_windows:91 - Прогресс создания окон: 90.0% (199009/221129)
2025-08-14 20:18:09 | DEBUG    | create_windows:91 - Прогресс создания окон: 100.0% (221121/221129)
2025-08-14 20:18:09 | SUCCESS  | create_windows:102 - Создано 221129 окон за 74.09 секунд
2025-08-14 20:18:20 | INFO     | save_npz:108 - Сохранение 221129 окон в test_data.npz
2025-08-14 20:18:20 | DEBUG    | save_npz:117 - Формат данных: (150, 7) (пример для окна 0)
2025-08-14 20:19:39 | SUCCESS  | save_npz:126 - Файл сохранен: test_data.npz (1036.86 MB, 78.55 сек)
2025-08-14 20:19:39 | INFO     | process_dataset:179 - Обработка набора 'backtest'
2025-08-14 20:19:39 | INFO     | create_windows:73 - Создание окон для backtest (размер окна: 150)
2025-08-14 20:19:39 | DEBUG    | create_windows:91 - Прогресс создания окон: 0.0% (1/221129)
2025-08-14 20:19:53 | DEBUG    | create_windows:91 - Прогресс создания окон: 10.0% (22113/221129)
2025-08-14 20:20:05 | DEBUG    | create_windows:91 - Прогресс создания окон: 20.0% (44225/221129)
2025-08-14 20:20:16 | DEBUG    | create_windows:91 - Прогресс создания окон: 30.0% (66337/221129)
2025-08-14 20:20:27 | DEBUG    | create_windows:91 - Прогресс создания окон: 40.0% (88449/221129)
2025-08-14 20:20:36 | DEBUG    | create_windows:91 - Прогресс создания окон: 50.0% (110561/221129)
2025-08-14 20:20:45 | DEBUG    | create_windows:91 - Прогресс создания окон: 60.0% (132673/221129)
2025-08-14 20:20:53 | DEBUG    | create_windows:91 - Прогресс создания окон: 70.0% (154785/221129)
2025-08-14 20:21:01 | DEBUG    | create_windows:91 - Прогресс создания окон: 80.0% (176897/221129)
2025-08-14 20:21:09 | DEBUG    | create_windows:91 - Прогресс создания окон: 90.0% (199009/221129)
2025-08-14 20:21:17 | DEBUG    | create_windows:91 - Прогресс создания окон: 100.0% (221121/221129)
2025-08-14 20:21:17 | SUCCESS  | create_windows:102 - Создано 221129 окон за 98.53 секунд
2025-08-14 20:21:18 | INFO     | save_npz:108 - Сохранение 221129 окон в backtest_data.npz
2025-08-14 20:21:18 | DEBUG    | save_npz:117 - Формат данных: (150, 7) (пример для окна 0)
2025-08-14 20:22:31 | SUCCESS  | save_npz:126 - Файл сохранен: backtest_data.npz (950.37 MB, 72.49 сек)
2025-08-14 20:22:31 | SUCCESS  | process_dataset:192 - Обработка завершена успешно за 2351.26 секунд
2025-08-14 20:22:31 | SUCCESS  | <module>:225 - Все файлы успешно созданы!
