2025-08-14 13:52:36 | INFO     | <module>:201 - Запуск Financial Data Preprocessor
2025-08-14 13:52:36 | INFO     | process_dataset:131 - Начало обработки данных из data.csv
2025-08-14 13:52:36 | INFO     | process_dataset:136 - Загрузка данных из CSV
2025-08-14 13:52:36 | DEBUG    | validate_data:42 - Начало валидации данных
2025-08-14 13:52:36 | SUCCESS  | validate_data:67 - Валидация данных завершена успешно
2025-08-14 13:52:36 | INFO     | process_dataset:143 - Преобразование и сортировка данных
2025-08-14 13:52:37 | INFO     | process_dataset:146 - Загружено 315361 записей с 2024-12-31 19:00:00 по 2025-08-07 19:00:00
2025-08-14 13:52:37 | DEBUG    | process_dataset:150 - Минимальный интервал данных: 0 days 00:01:00
2025-08-14 13:52:37 | INFO     | process_dataset:153 - Разделение данных на наборы
2025-08-14 13:52:37 | WARNING  | process_dataset:161 - Сумма процентов (1.45) не равна 1.0, корректировка
2025-08-14 13:52:37 | INFO     | process_dataset:172 - train: 51.7% (163117 записей) [163117/315361]
2025-08-14 13:52:37 | INFO     | process_dataset:172 - val: 34.5% (108745 записей) [271862/315361]
2025-08-14 13:52:37 | INFO     | process_dataset:172 - test: 6.9% (21749 записей) [293611/315361]
2025-08-14 13:52:37 | INFO     | process_dataset:172 - backtest: 6.9% (21749 записей) [315360/315361]
2025-08-14 13:52:37 | INFO     | process_dataset:179 - Обработка набора 'train'
2025-08-14 13:52:37 | INFO     | create_windows:73 - Создание окон для train (размер окна: 150)
2025-08-14 13:52:37 | DEBUG    | create_windows:91 - Прогресс создания окон: 0.0% (1/162968)
2025-08-14 13:52:41 | DEBUG    | create_windows:91 - Прогресс создания окон: 10.0% (16297/162968)
2025-08-14 13:52:44 | DEBUG    | create_windows:91 - Прогресс создания окон: 20.0% (32593/162968)
2025-08-14 13:52:48 | DEBUG    | create_windows:91 - Прогресс создания окон: 30.0% (48889/162968)
2025-08-14 13:52:52 | DEBUG    | create_windows:91 - Прогресс создания окон: 40.0% (65185/162968)
2025-08-14 13:52:56 | DEBUG    | create_windows:91 - Прогресс создания окон: 50.0% (81481/162968)
2025-08-14 13:53:00 | DEBUG    | create_windows:91 - Прогресс создания окон: 60.0% (97777/162968)
2025-08-14 13:53:03 | DEBUG    | create_windows:91 - Прогресс создания окон: 70.0% (114073/162968)
2025-08-14 13:53:07 | DEBUG    | create_windows:91 - Прогресс создания окон: 80.0% (130369/162968)
2025-08-14 13:53:11 | DEBUG    | create_windows:91 - Прогресс создания окон: 90.0% (146665/162968)
2025-08-14 13:53:15 | DEBUG    | create_windows:91 - Прогресс создания окон: 100.0% (162961/162968)
2025-08-14 13:53:15 | SUCCESS  | create_windows:102 - Создано 162968 окон за 38.60 секунд
2025-08-14 13:53:15 | INFO     | save_npz:108 - Сохранение 162968 окон в train_data.npz
2025-08-14 13:53:15 | DEBUG    | save_npz:117 - Формат данных: (150, 7) (пример для окна 0)
2025-08-14 13:53:56 | SUCCESS  | save_npz:126 - Файл сохранен: train_data.npz (731.14 MB, 40.57 сек)
2025-08-14 13:53:56 | INFO     | process_dataset:179 - Обработка набора 'val'
2025-08-14 13:53:56 | INFO     | create_windows:73 - Создание окон для val (размер окна: 150)
2025-08-14 13:53:56 | DEBUG    | create_windows:91 - Прогресс создания окон: 0.0% (1/108596)
2025-08-14 13:53:58 | DEBUG    | create_windows:91 - Прогресс создания окон: 10.0% (10860/108596)
2025-08-14 13:54:01 | DEBUG    | create_windows:91 - Прогресс создания окон: 20.0% (21719/108596)
2025-08-14 13:54:04 | DEBUG    | create_windows:91 - Прогресс создания окон: 30.0% (32578/108596)
2025-08-14 13:54:06 | DEBUG    | create_windows:91 - Прогресс создания окон: 40.0% (43437/108596)
2025-08-14 13:54:09 | DEBUG    | create_windows:91 - Прогресс создания окон: 50.0% (54296/108596)
2025-08-14 13:54:12 | DEBUG    | create_windows:91 - Прогресс создания окон: 60.0% (65155/108596)
2025-08-14 13:54:14 | DEBUG    | create_windows:91 - Прогресс создания окон: 70.0% (76014/108596)
2025-08-14 13:54:17 | DEBUG    | create_windows:91 - Прогресс создания окон: 80.0% (86873/108596)
2025-08-14 13:54:20 | DEBUG    | create_windows:91 - Прогресс создания окон: 90.0% (97732/108596)
2025-08-14 13:54:22 | DEBUG    | create_windows:91 - Прогресс создания окон: 100.0% (108591/108596)
2025-08-14 13:54:22 | SUCCESS  | create_windows:102 - Создано 108596 окон за 26.73 секунд
2025-08-14 13:54:23 | INFO     | save_npz:108 - Сохранение 108596 окон в val_data.npz
2025-08-14 13:54:23 | DEBUG    | save_npz:117 - Формат данных: (150, 7) (пример для окна 0)
2025-08-14 13:54:50 | SUCCESS  | save_npz:126 - Файл сохранен: val_data.npz (460.38 MB, 27.12 сек)
2025-08-14 13:54:50 | INFO     | process_dataset:179 - Обработка набора 'test'
2025-08-14 13:54:50 | INFO     | create_windows:73 - Создание окон для test (размер окна: 150)
2025-08-14 13:54:50 | DEBUG    | create_windows:91 - Прогресс создания окон: 0.0% (1/21600)
2025-08-14 13:54:50 | DEBUG    | create_windows:91 - Прогресс создания окон: 10.0% (2160/21600)
2025-08-14 13:54:51 | DEBUG    | create_windows:91 - Прогресс создания окон: 20.0% (4319/21600)
2025-08-14 13:54:51 | DEBUG    | create_windows:91 - Прогресс создания окон: 30.0% (6478/21600)
2025-08-14 13:54:52 | DEBUG    | create_windows:91 - Прогресс создания окон: 40.0% (8637/21600)
2025-08-14 13:54:53 | DEBUG    | create_windows:91 - Прогресс создания окон: 50.0% (10796/21600)
2025-08-14 13:54:53 | DEBUG    | create_windows:91 - Прогресс создания окон: 60.0% (12955/21600)
2025-08-14 13:54:54 | DEBUG    | create_windows:91 - Прогресс создания окон: 70.0% (15114/21600)
2025-08-14 13:54:54 | DEBUG    | create_windows:91 - Прогресс создания окон: 80.0% (17273/21600)
2025-08-14 13:54:55 | DEBUG    | create_windows:91 - Прогресс создания окон: 90.0% (19432/21600)
2025-08-14 13:54:55 | DEBUG    | create_windows:91 - Прогресс создания окон: 100.0% (21591/21600)
2025-08-14 13:54:55 | SUCCESS  | create_windows:102 - Создано 21600 окон за 5.36 секунд
2025-08-14 13:54:55 | INFO     | save_npz:108 - Сохранение 21600 окон в test_data.npz
2025-08-14 13:54:55 | DEBUG    | save_npz:117 - Формат данных: (150, 7) (пример для окна 0)
2025-08-14 13:55:01 | SUCCESS  | save_npz:126 - Файл сохранен: test_data.npz (98.62 MB, 5.30 сек)
2025-08-14 13:55:01 | INFO     | process_dataset:179 - Обработка набора 'backtest'
2025-08-14 13:55:01 | INFO     | create_windows:73 - Создание окон для backtest (размер окна: 150)
2025-08-14 13:55:01 | DEBUG    | create_windows:91 - Прогресс создания окон: 0.0% (1/21600)
2025-08-14 13:55:01 | DEBUG    | create_windows:91 - Прогресс создания окон: 10.0% (2160/21600)
2025-08-14 13:55:02 | DEBUG    | create_windows:91 - Прогресс создания окон: 20.0% (4319/21600)
2025-08-14 13:55:02 | DEBUG    | create_windows:91 - Прогресс создания окон: 30.0% (6478/21600)
2025-08-14 13:55:03 | DEBUG    | create_windows:91 - Прогресс создания окон: 40.0% (8637/21600)
2025-08-14 13:55:03 | DEBUG    | create_windows:91 - Прогресс создания окон: 50.0% (10796/21600)
2025-08-14 13:55:04 | DEBUG    | create_windows:91 - Прогресс создания окон: 60.0% (12955/21600)
2025-08-14 13:55:04 | DEBUG    | create_windows:91 - Прогресс создания окон: 70.0% (15114/21600)
2025-08-14 13:55:05 | DEBUG    | create_windows:91 - Прогресс создания окон: 80.0% (17273/21600)
2025-08-14 13:55:05 | DEBUG    | create_windows:91 - Прогресс создания окон: 90.0% (19432/21600)
2025-08-14 13:55:06 | DEBUG    | create_windows:91 - Прогресс создания окон: 100.0% (21591/21600)
2025-08-14 13:55:06 | SUCCESS  | create_windows:102 - Создано 21600 окон за 5.21 секунд
2025-08-14 13:55:06 | INFO     | save_npz:108 - Сохранение 21600 окон в backtest_data.npz
2025-08-14 13:55:06 | DEBUG    | save_npz:117 - Формат данных: (150, 7) (пример для окна 0)
2025-08-14 13:55:11 | SUCCESS  | save_npz:126 - Файл сохранен: backtest_data.npz (96.12 MB, 5.29 сек)
2025-08-14 13:55:11 | SUCCESS  | process_dataset:192 - Обработка завершена успешно за 155.08 секунд
2025-08-14 13:55:11 | SUCCESS  | <module>:225 - Все файлы успешно созданы!
