2025-08-18 18:51:23 | INFO     | <module>:201 - Запуск Financial Data Preprocessor
2025-08-18 18:51:23 | INFO     | process_dataset:131 - Начало обработки данных из data.csv
2025-08-18 18:51:23 | INFO     | process_dataset:136 - Загрузка данных из CSV
2025-08-18 18:51:25 | DEBUG    | validate_data:42 - Начало валидации данных
2025-08-18 18:51:26 | SUCCESS  | validate_data:67 - Валидация данных завершена успешно
2025-08-18 18:51:26 | INFO     | process_dataset:143 - Преобразование и сортировка данных
2025-08-18 18:51:27 | INFO     | process_dataset:146 - Загружено 2956854 записей с 2019-12-31 19:00:00 по 2025-08-16 19:00:00
2025-08-18 18:51:28 | DEBUG    | process_dataset:150 - Минимальный интервал данных: 0 days 00:01:00
2025-08-18 18:51:28 | INFO     | process_dataset:153 - Разделение данных на наборы
2025-08-18 18:51:28 | WARNING  | process_dataset:161 - Сумма процентов (1.45) не равна 1.0, корректировка
2025-08-18 18:51:28 | INFO     | process_dataset:172 - train: 51.7% (1529407 записей) [1529407/2956854]
2025-08-18 18:51:28 | INFO     | process_dataset:172 - val: 34.5% (1019604 записей) [2549011/2956854]
2025-08-18 18:51:28 | INFO     | process_dataset:172 - test: 6.9% (203920 записей) [2752931/2956854]
2025-08-18 18:51:28 | INFO     | process_dataset:172 - backtest: 6.9% (203920 записей) [2956851/2956854]
2025-08-18 18:51:28 | INFO     | process_dataset:179 - Обработка набора 'train'
2025-08-18 18:51:28 | INFO     | create_windows:73 - Создание окон для train (размер окна: 150)
2025-08-18 18:51:28 | DEBUG    | create_windows:91 - Прогресс создания окон: 0.0% (1/1529258)
2025-08-18 18:52:04 | DEBUG    | create_windows:91 - Прогресс создания окон: 10.0% (152926/1529258)
2025-08-18 18:52:41 | DEBUG    | create_windows:91 - Прогресс создания окон: 20.0% (305851/1529258)
2025-08-18 18:53:18 | DEBUG    | create_windows:91 - Прогресс создания окон: 30.0% (458776/1529258)
2025-08-18 18:53:55 | DEBUG    | create_windows:91 - Прогресс создания окон: 40.0% (611701/1529258)
2025-08-18 18:54:33 | DEBUG    | create_windows:91 - Прогресс создания окон: 50.0% (764626/1529258)
2025-08-18 18:55:11 | DEBUG    | create_windows:91 - Прогресс создания окон: 60.0% (917551/1529258)
2025-08-18 18:55:49 | DEBUG    | create_windows:91 - Прогресс создания окон: 70.0% (1070476/1529258)
2025-08-18 18:56:27 | DEBUG    | create_windows:91 - Прогресс создания окон: 80.0% (1223401/1529258)
2025-08-18 18:57:05 | DEBUG    | create_windows:91 - Прогресс создания окон: 90.0% (1376326/1529258)
2025-08-18 18:57:44 | DEBUG    | create_windows:91 - Прогресс создания окон: 100.0% (1529251/1529258)
2025-08-18 18:57:44 | SUCCESS  | create_windows:102 - Создано 1529258 окон за 376.15 секунд
2025-08-18 18:57:44 | INFO     | save_npz:108 - Сохранение 1529258 окон в train_data.npz
2025-08-18 18:57:44 | DEBUG    | save_npz:117 - Формат данных: (150, 7) (пример для окна 0)
2025-08-18 19:08:31 | SUCCESS  | save_npz:126 - Файл сохранен: train_data.npz (5365.74 MB, 647.19 сек)
2025-08-18 19:08:31 | INFO     | process_dataset:179 - Обработка набора 'val'
2025-08-18 19:08:32 | INFO     | create_windows:73 - Создание окон для val (размер окна: 150)
2025-08-18 19:08:32 | DEBUG    | create_windows:91 - Прогресс создания окон: 0.0% (1/1019455)
2025-08-18 19:09:42 | DEBUG    | create_windows:91 - Прогресс создания окон: 10.0% (101946/1019455)
2025-08-18 19:10:29 | DEBUG    | create_windows:91 - Прогресс создания окон: 20.0% (203891/1019455)
2025-08-18 19:11:07 | DEBUG    | create_windows:91 - Прогресс создания окон: 30.0% (305836/1019455)
2025-08-18 19:11:45 | DEBUG    | create_windows:91 - Прогресс создания окон: 40.0% (407781/1019455)
2025-08-18 19:12:15 | DEBUG    | create_windows:91 - Прогресс создания окон: 50.0% (509726/1019455)
2025-08-18 19:12:48 | DEBUG    | create_windows:91 - Прогресс создания окон: 60.0% (611671/1019455)
2025-08-18 19:13:23 | DEBUG    | create_windows:91 - Прогресс создания окон: 70.0% (713616/1019455)
2025-08-18 19:13:54 | DEBUG    | create_windows:91 - Прогресс создания окон: 80.0% (815561/1019455)
2025-08-18 19:14:25 | DEBUG    | create_windows:91 - Прогресс создания окон: 90.0% (917506/1019455)
2025-08-18 19:14:56 | DEBUG    | create_windows:91 - Прогресс создания окон: 100.0% (1019451/1019455)
2025-08-18 19:14:56 | SUCCESS  | create_windows:102 - Создано 1019455 окон за 383.83 секунд
2025-08-18 19:15:53 | INFO     | save_npz:108 - Сохранение 1019455 окон в val_data.npz
2025-08-18 19:15:53 | DEBUG    | save_npz:117 - Формат данных: (150, 7) (пример для окна 0)
2025-08-18 19:22:40 | SUCCESS  | save_npz:126 - Файл сохранен: val_data.npz (3746.16 MB, 407.02 сек)
2025-08-18 19:22:40 | INFO     | process_dataset:179 - Обработка набора 'test'
2025-08-18 19:22:40 | INFO     | create_windows:73 - Создание окон для test (размер окна: 150)
2025-08-18 19:22:40 | DEBUG    | create_windows:91 - Прогресс создания окон: 0.0% (1/203771)
2025-08-18 19:22:49 | DEBUG    | create_windows:91 - Прогресс создания окон: 10.0% (20378/203771)
2025-08-18 19:22:55 | DEBUG    | create_windows:91 - Прогресс создания окон: 20.0% (40755/203771)
2025-08-18 19:23:02 | DEBUG    | create_windows:91 - Прогресс создания окон: 30.0% (61132/203771)
2025-08-18 19:23:08 | DEBUG    | create_windows:91 - Прогресс создания окон: 40.0% (81509/203771)
2025-08-18 19:23:14 | DEBUG    | create_windows:91 - Прогресс создания окон: 50.0% (101886/203771)
2025-08-18 19:23:21 | DEBUG    | create_windows:91 - Прогресс создания окон: 60.0% (122263/203771)
2025-08-18 19:23:27 | DEBUG    | create_windows:91 - Прогресс создания окон: 70.0% (142640/203771)
2025-08-18 19:23:33 | DEBUG    | create_windows:91 - Прогресс создания окон: 80.0% (163017/203771)
2025-08-18 19:23:40 | DEBUG    | create_windows:91 - Прогресс создания окон: 90.0% (183394/203771)
2025-08-18 19:23:46 | DEBUG    | create_windows:91 - Прогресс создания окон: 100.0% (203771/203771)
2025-08-18 19:23:46 | SUCCESS  | create_windows:102 - Создано 203771 окон за 66.02 секунд
2025-08-18 19:23:54 | INFO     | save_npz:108 - Сохранение 203771 окон в test_data.npz
2025-08-18 19:23:54 | DEBUG    | save_npz:117 - Формат данных: (150, 7) (пример для окна 0)
2025-08-18 19:24:54 | SUCCESS  | save_npz:126 - Файл сохранен: test_data.npz (962.07 MB, 59.80 сек)
2025-08-18 19:24:54 | INFO     | process_dataset:179 - Обработка набора 'backtest'
2025-08-18 19:24:54 | INFO     | create_windows:73 - Создание окон для backtest (размер окна: 150)
2025-08-18 19:24:54 | DEBUG    | create_windows:91 - Прогресс создания окон: 0.0% (1/203771)
2025-08-18 19:25:00 | DEBUG    | create_windows:91 - Прогресс создания окон: 10.0% (20378/203771)
2025-08-18 19:25:07 | DEBUG    | create_windows:91 - Прогресс создания окон: 20.0% (40755/203771)
2025-08-18 19:25:13 | DEBUG    | create_windows:91 - Прогресс создания окон: 30.0% (61132/203771)
2025-08-18 19:25:19 | DEBUG    | create_windows:91 - Прогресс создания окон: 40.0% (81509/203771)
2025-08-18 19:25:25 | DEBUG    | create_windows:91 - Прогресс создания окон: 50.0% (101886/203771)
2025-08-18 19:25:33 | DEBUG    | create_windows:91 - Прогресс создания окон: 60.0% (122263/203771)
2025-08-18 19:25:40 | DEBUG    | create_windows:91 - Прогресс создания окон: 70.0% (142640/203771)
2025-08-18 19:25:46 | DEBUG    | create_windows:91 - Прогресс создания окон: 80.0% (163017/203771)
2025-08-18 19:25:52 | DEBUG    | create_windows:91 - Прогресс создания окон: 90.0% (183394/203771)
2025-08-18 19:25:58 | DEBUG    | create_windows:91 - Прогресс создания окон: 100.0% (203771/203771)
2025-08-18 19:25:58 | SUCCESS  | create_windows:102 - Создано 203771 окон за 64.15 секунд
2025-08-18 19:25:58 | INFO     | save_npz:108 - Сохранение 203771 окон в backtest_data.npz
2025-08-18 19:25:58 | DEBUG    | save_npz:117 - Формат данных: (150, 7) (пример для окна 0)
2025-08-18 19:27:00 | SUCCESS  | save_npz:126 - Файл сохранен: backtest_data.npz (879.23 MB, 61.64 сек)
2025-08-18 19:27:00 | SUCCESS  | process_dataset:192 - Обработка завершена успешно за 2137.15 секунд
2025-08-18 19:27:01 | SUCCESS  | <module>:225 - Все файлы успешно созданы!
